#-----------------------------------------------------------
# Vivado v2024.1 (64-bit)
# SW Build 5076996 on Wed May 22 18:37:14 MDT 2024
# IP Build 5075265 on Wed May 22 21:45:21 MDT 2024
# SharedData Build 5076995 on Wed May 22 18:29:18 MDT 2024
# Start of session at: Tue Apr 14 02:28:39 2026
# Process ID: 60280
# Current directory: E:/course/smamba
# Command line: vivado.exe HW_reconstruct\project_mamba_all1\project_mamba_all1.xpr
# Log file: E:/course/smamba/vivado.log
# Journal file: E:/course/smamba\vivado.jou
# Running On        :13600kf
# Platform          :Windows Server 2016 or Windows 10
# Operating System  :26200
# Processor Detail  :13th Gen Intel(R) Core(TM) i5-13600KF
# CPU Frequency     :3494 MHz
# CPU Physical cores:14
# CPU Logical cores :20
# Host memory       :34163 MB
# Swap memory       :45814 MB
# Total Virtual     :79978 MB
# Available Virtual :15691 MB
#-----------------------------------------------------------
start_gui
open_project HW_reconstruct/project_mamba_all1/project_mamba_all1.xpr
update_compile_order -fileset sources_1
reset_target all [get_files  E:/course/smamba/HW_reconstruct/project_mamba_all1/project_mamba_all1.srcs/sources_1/ip/bias_ROM/bias_ROM.xci]
export_ip_user_files -of_objects  [get_files  E:/course/smamba/HW_reconstruct/project_mamba_all1/project_mamba_all1.srcs/sources_1/ip/bias_ROM/bias_ROM.xci] -sync -no_script -force -quiet
generate_target all [get_files  E:/course/smamba/HW_reconstruct/project_mamba_all1/project_mamba_all1.srcs/sources_1/ip/bias_ROM/bias_ROM.xci]
catch { config_ip_cache -export [get_ips -all bias_ROM] }
export_ip_user_files -of_objects [get_files E:/course/smamba/HW_reconstruct/project_mamba_all1/project_mamba_all1.srcs/sources_1/ip/bias_ROM/bias_ROM.xci] -no_script -sync -force -quiet
create_ip_run [get_files -of_objects [get_fileset sources_1] E:/course/smamba/HW_reconstruct/project_mamba_all1/project_mamba_all1.srcs/sources_1/ip/bias_ROM/bias_ROM.xci]
launch_runs bias_ROM_synth_1 -jobs 20
wait_on_run bias_ROM_synth_1
export_simulation -of_objects [get_files E:/course/smamba/HW_reconstruct/project_mamba_all1/project_mamba_all1.srcs/sources_1/ip/bias_ROM/bias_ROM.xci] -directory E:/course/smamba/HW_reconstruct/project_mamba_all1/project_mamba_all1.ip_user_files/sim_scripts -ip_user_files_dir E:/course/smamba/HW_reconstruct/project_mamba_all1/project_mamba_all1.ip_user_files -ipstatic_source_dir E:/course/smamba/HW_reconstruct/project_mamba_all1/project_mamba_all1.ip_user_files/ipstatic -lib_map_path [list {modelsim=E:/course/smamba/HW_reconstruct/project_mamba_all1/project_mamba_all1.cache/compile_simlib/modelsim} {questa=E:/course/smamba/HW_reconstruct/project_mamba_all1/project_mamba_all1.cache/compile_simlib/questa} {riviera=E:/course/smamba/HW_reconstruct/project_mamba_all1/project_mamba_all1.cache/compile_simlib/riviera} {activehdl=E:/course/smamba/HW_reconstruct/project_mamba_all1/project_mamba_all1.cache/compile_simlib/activehdl}] -use_ip_compiled_libs -force -quiet
reset_target all [get_files  E:/course/smamba/HW_reconstruct/project_mamba_all1/project_mamba_all1.srcs/sources_1/ip/s_buffer/s_buffer.xci]
export_ip_user_files -of_objects  [get_files  E:/course/smamba/HW_reconstruct/project_mamba_all1/project_mamba_all1.srcs/sources_1/ip/s_buffer/s_buffer.xci] -sync -no_script -force -quiet
generate_target all [get_files  E:/course/smamba/HW_reconstruct/project_mamba_all1/project_mamba_all1.srcs/sources_1/ip/s_buffer/s_buffer.xci]
catch { config_ip_cache -export [get_ips -all s_buffer] }
export_ip_user_files -of_objects [get_files E:/course/smamba/HW_reconstruct/project_mamba_all1/project_mamba_all1.srcs/sources_1/ip/s_buffer/s_buffer.xci] -no_script -sync -force -quiet
create_ip_run [get_files -of_objects [get_fileset sources_1] E:/course/smamba/HW_reconstruct/project_mamba_all1/project_mamba_all1.srcs/sources_1/ip/s_buffer/s_buffer.xci]
launch_runs s_buffer_synth_1 -jobs 20
wait_on_run s_buffer_synth_1
export_simulation -of_objects [get_files E:/course/smamba/HW_reconstruct/project_mamba_all1/project_mamba_all1.srcs/sources_1/ip/s_buffer/s_buffer.xci] -directory E:/course/smamba/HW_reconstruct/project_mamba_all1/project_mamba_all1.ip_user_files/sim_scripts -ip_user_files_dir E:/course/smamba/HW_reconstruct/project_mamba_all1/project_mamba_all1.ip_user_files -ipstatic_source_dir E:/course/smamba/HW_reconstruct/project_mamba_all1/project_mamba_all1.ip_user_files/ipstatic -lib_map_path [list {modelsim=E:/course/smamba/HW_reconstruct/project_mamba_all1/project_mamba_all1.cache/compile_simlib/modelsim} {questa=E:/course/smamba/HW_reconstruct/project_mamba_all1/project_mamba_all1.cache/compile_simlib/questa} {riviera=E:/course/smamba/HW_reconstruct/project_mamba_all1/project_mamba_all1.cache/compile_simlib/riviera} {activehdl=E:/course/smamba/HW_reconstruct/project_mamba_all1/project_mamba_all1.cache/compile_simlib/activehdl}] -use_ip_compiled_libs -force -quiet
reset_target all [get_files  E:/course/smamba/HW_reconstruct/project_mamba_all1/project_mamba_all1.srcs/sources_1/ip/inproj_vec_out_sram_ip/inproj_vec_out_sram_ip.xci]
export_ip_user_files -of_objects  [get_files  E:/course/smamba/HW_reconstruct/project_mamba_all1/project_mamba_all1.srcs/sources_1/ip/inproj_vec_out_sram_ip/inproj_vec_out_sram_ip.xci] -sync -no_script -force -quiet
generate_target all [get_files  E:/course/smamba/HW_reconstruct/project_mamba_all1/project_mamba_all1.srcs/sources_1/ip/inproj_vec_out_sram_ip/inproj_vec_out_sram_ip.xci]
catch { config_ip_cache -export [get_ips -all inproj_vec_out_sram_ip] }
export_ip_user_files -of_objects [get_files E:/course/smamba/HW_reconstruct/project_mamba_all1/project_mamba_all1.srcs/sources_1/ip/inproj_vec_out_sram_ip/inproj_vec_out_sram_ip.xci] -no_script -sync -force -quiet
create_ip_run [get_files -of_objects [get_fileset sources_1] E:/course/smamba/HW_reconstruct/project_mamba_all1/project_mamba_all1.srcs/sources_1/ip/inproj_vec_out_sram_ip/inproj_vec_out_sram_ip.xci]
launch_runs inproj_vec_out_sram_ip_synth_1 -jobs 20
wait_on_run inproj_vec_out_sram_ip_synth_1
export_simulation -of_objects [get_files E:/course/smamba/HW_reconstruct/project_mamba_all1/project_mamba_all1.srcs/sources_1/ip/inproj_vec_out_sram_ip/inproj_vec_out_sram_ip.xci] -directory E:/course/smamba/HW_reconstruct/project_mamba_all1/project_mamba_all1.ip_user_files/sim_scripts -ip_user_files_dir E:/course/smamba/HW_reconstruct/project_mamba_all1/project_mamba_all1.ip_user_files -ipstatic_source_dir E:/course/smamba/HW_reconstruct/project_mamba_all1/project_mamba_all1.ip_user_files/ipstatic -lib_map_path [list {modelsim=E:/course/smamba/HW_reconstruct/project_mamba_all1/project_mamba_all1.cache/compile_simlib/modelsim} {questa=E:/course/smamba/HW_reconstruct/project_mamba_all1/project_mamba_all1.cache/compile_simlib/questa} {riviera=E:/course/smamba/HW_reconstruct/project_mamba_all1/project_mamba_all1.cache/compile_simlib/riviera} {activehdl=E:/course/smamba/HW_reconstruct/project_mamba_all1/project_mamba_all1.cache/compile_simlib/activehdl}] -use_ip_compiled_libs -force -quiet
reset_target all [get_files  E:/course/smamba/HW_reconstruct/project_mamba_all1/project_mamba_all1.srcs/sources_1/ip/inproj_ht_sram_ip/inproj_ht_sram_ip.xci]
export_ip_user_files -of_objects  [get_files  E:/course/smamba/HW_reconstruct/project_mamba_all1/project_mamba_all1.srcs/sources_1/ip/inproj_ht_sram_ip/inproj_ht_sram_ip.xci] -sync -no_script -force -quiet
delete_ip_run [get_files -of_objects [get_fileset inproj_ht_sram_ip] E:/course/smamba/HW_reconstruct/project_mamba_all1/project_mamba_all1.srcs/sources_1/ip/inproj_ht_sram_ip/inproj_ht_sram_ip.xci]
generate_target all [get_files  E:/course/smamba/HW_reconstruct/project_mamba_all1/project_mamba_all1.srcs/sources_1/ip/inproj_ht_sram_ip/inproj_ht_sram_ip.xci]
catch { config_ip_cache -export [get_ips -all inproj_ht_sram_ip] }
export_ip_user_files -of_objects [get_files E:/course/smamba/HW_reconstruct/project_mamba_all1/project_mamba_all1.srcs/sources_1/ip/inproj_ht_sram_ip/inproj_ht_sram_ip.xci] -no_script -sync -force -quiet
create_ip_run [get_files -of_objects [get_fileset sources_1] E:/course/smamba/HW_reconstruct/project_mamba_all1/project_mamba_all1.srcs/sources_1/ip/inproj_ht_sram_ip/inproj_ht_sram_ip.xci]
launch_runs inproj_ht_sram_ip_synth_1 -jobs 20
wait_on_run inproj_ht_sram_ip_synth_1
export_simulation -of_objects [get_files E:/course/smamba/HW_reconstruct/project_mamba_all1/project_mamba_all1.srcs/sources_1/ip/inproj_ht_sram_ip/inproj_ht_sram_ip.xci] -directory E:/course/smamba/HW_reconstruct/project_mamba_all1/project_mamba_all1.ip_user_files/sim_scripts -ip_user_files_dir E:/course/smamba/HW_reconstruct/project_mamba_all1/project_mamba_all1.ip_user_files -ipstatic_source_dir E:/course/smamba/HW_reconstruct/project_mamba_all1/project_mamba_all1.ip_user_files/ipstatic -lib_map_path [list {modelsim=E:/course/smamba/HW_reconstruct/project_mamba_all1/project_mamba_all1.cache/compile_simlib/modelsim} {questa=E:/course/smamba/HW_reconstruct/project_mamba_all1/project_mamba_all1.cache/compile_simlib/questa} {riviera=E:/course/smamba/HW_reconstruct/project_mamba_all1/project_mamba_all1.cache/compile_simlib/riviera} {activehdl=E:/course/smamba/HW_reconstruct/project_mamba_all1/project_mamba_all1.cache/compile_simlib/activehdl}] -use_ip_compiled_libs -force -quiet
launch_simulation -simset [get_filesets sim_3 ]
open_wave_config E:/course/smamba/HW_reconstruct/project_mamba_all1/tb_reuse_in_proj_scheduler_behav.wcfg
source tb_reuse_mamba_board_shell_ps.tcl
run all
close_sim
reset_simulation -simset sim_3 -mode behavioral
launch_simulation -simset [get_filesets sim_3 ]
open_wave_config E:/course/smamba/HW_reconstruct/project_mamba_all1/tb_reuse_in_proj_scheduler_behav.wcfg
source tb_reuse_mamba_board_shell_ps.tcl
run all
current_wave_config {tb_reuse_in_proj_scheduler_behav.wcfg}
add_wave {{/tb_reuse_mamba_board_shell_ps/dut/u_core/u_core/u_ssm_core/u_bias_add/u_bias_rom}} 
restart
run all
close_sim
current_fileset -simset [ get_filesets sim_1 ]
reset_simulation -simset sim_1 -mode behavioral
launch_simulation
reset_simulation -simset sim_1 -mode behavioral
launch_simulation
reset_simulation -simset sim_1 -mode behavioral
launch_simulation
reset_simulation -simset sim_1 -mode behavioral
launch_simulation
current_fileset -simset [ get_filesets sim_3 ]
reset_simulation -simset sim_3 -mode behavioral
