#-----------------------------------------------------------
# Vivado v2024.1 (64-bit)
# SW Build 5076996 on Wed May 22 18:37:14 MDT 2024
# IP Build 5075265 on Wed May 22 21:45:21 MDT 2024
# SharedData Build 5076995 on Wed May 22 18:29:18 MDT 2024
# Start of session at: Sun Jan 11 15:43:28 2026
# Process ID: 26896
# Current directory: E:/Master/2025/Mamba/Cmamba_reconstruct/prj/xilinx/project_reconstruct.runs/slim_WBUF_bank_dp_synth_1
# Command line: vivado.exe -log slim_WBUF_bank_dp.vds -product Vivado -mode batch -messageDb vivado.pb -notrace -source slim_WBUF_bank_dp.tcl
# Log file: E:/Master/2025/Mamba/Cmamba_reconstruct/prj/xilinx/project_reconstruct.runs/slim_WBUF_bank_dp_synth_1/slim_WBUF_bank_dp.vds
# Journal file: E:/Master/2025/Mamba/Cmamba_reconstruct/prj/xilinx/project_reconstruct.runs/slim_WBUF_bank_dp_synth_1\vivado.jou
# Running On        :G14-DAWN
# Platform          :Windows Server 2016 or Windows 10
# Operating System  :22621
# Processor Detail  :AMD Ryzen 9 5900HS with Radeon Graphics        
# CPU Frequency     :3294 MHz
# CPU Physical cores:8
# CPU Logical cores :16
# Host memory       :33721 MB
# Swap memory       :2147 MB
# Total Virtual     :35868 MB
# Available Virtual :10816 MB
#-----------------------------------------------------------
source slim_WBUF_bank_dp.tcl -notrace
