Copyright 1986-2022 Xilinx, Inc. All Rights Reserved. Copyright 2022-2024 Advanced Micro Devices, Inc. All Rights Reserved.
---------------------------------------------------------------------------------------------------------------------------------------------
| Tool Version : Vivado v.2024.1 (win64) Build 5076996 Wed May 22 18:37:14 MDT 2024
| Date         : Fri Apr  3 23:45:36 2026
| Host         : 13600kf running 64-bit major release  (build 9200)
| Command      : report_utilization -file reuse_mamba_block_wrapper_utilization_synth.rpt -pb reuse_mamba_block_wrapper_utilization_synth.pb
| Design       : reuse_mamba_block_wrapper
| Device       : xczu9eg-ffvb1156-2-e
| Speed File   : -2
| Design State : Synthesized
---------------------------------------------------------------------------------------------------------------------------------------------

Utilization Design Information

Table of Contents
-----------------
1. CLB Logic
1.1 Summary of Registers by Type
2. BLOCKRAM
3. ARITHMETIC
4. I/O
5. CLOCK
6. ADVANCED
7. CONFIGURATION
8. Primitives
9. Black Boxes
10. Instantiated Netlists

1. CLB Logic
------------

+-------------------------+-------+-------+------------+-----------+-------+
|        Site Type        |  Used | Fixed | Prohibited | Available | Util% |
+-------------------------+-------+-------+------------+-----------+-------+
| CLB LUTs*               | 15562 |     0 |          0 |    274080 |  5.68 |
|   LUT as Logic          | 15562 |     0 |          0 |    274080 |  5.68 |
|   LUT as Memory         |     0 |     0 |          0 |    144000 |  0.00 |
| CLB Registers           | 17902 |     0 |          0 |    548160 |  3.27 |
|   Register as Flip Flop | 17902 |     0 |          0 |    548160 |  3.27 |
|   Register as Latch     |     0 |     0 |          0 |    548160 |  0.00 |
| CARRY8                  |   278 |     0 |          0 |     34260 |  0.81 |
| F7 Muxes                |   609 |     0 |          0 |    137040 |  0.44 |
| F8 Muxes                |   200 |     0 |          0 |     68520 |  0.29 |
| F9 Muxes                |     0 |     0 |          0 |     34260 |  0.00 |
+-------------------------+-------+-------+------------+-----------+-------+
* Warning! The Final LUT count, after physical optimizations and full implementation, is typically lower. Run opt_design after synthesis, if not already completed, for a more realistic count.
Warning! LUT value is adjusted to account for LUT combining.
Warning! For any ECO changes, please run place_design if there are unplaced instances


1.1 Summary of Registers by Type
--------------------------------

+-------+--------------+-------------+--------------+
| Total | Clock Enable | Synchronous | Asynchronous |
+-------+--------------+-------------+--------------+
| 0     |            _ |           - |            - |
| 0     |            _ |           - |          Set |
| 0     |            _ |           - |        Reset |
| 0     |            _ |         Set |            - |
| 0     |            _ |       Reset |            - |
| 0     |          Yes |           - |            - |
| 0     |          Yes |           - |          Set |
| 0     |          Yes |           - |        Reset |
| 4     |          Yes |         Set |            - |
| 17898 |          Yes |       Reset |            - |
+-------+--------------+-------------+--------------+


2. BLOCKRAM
-----------

+-------------------+------+-------+------------+-----------+-------+
|     Site Type     | Used | Fixed | Prohibited | Available | Util% |
+-------------------+------+-------+------------+-----------+-------+
| Block RAM Tile    |    6 |     0 |          0 |       912 |  0.66 |
|   RAMB36/FIFO*    |    6 |     0 |          0 |       912 |  0.66 |
|     RAMB36E2 only |    6 |       |            |           |       |
|   RAMB18          |    0 |     0 |          0 |      1824 |  0.00 |
+-------------------+------+-------+------------+-----------+-------+
* Note: Each Block RAM Tile only has one FIFO logic available and therefore can accommodate only one FIFO36E2 or one FIFO18E2. However, if a FIFO18E2 occupies a Block RAM Tile, that tile can still accommodate a RAMB18E2


3. ARITHMETIC
-------------

+----------------+------+-------+------------+-----------+-------+
|    Site Type   | Used | Fixed | Prohibited | Available | Util% |
+----------------+------+-------+------------+-----------+-------+
| DSPs           |   84 |     0 |          0 |      2520 |  3.33 |
|   DSP48E2 only |   84 |       |            |           |       |
+----------------+------+-------+------------+-----------+-------+


4. I/O
------

+------------+------+-------+------------+-----------+--------+
|  Site Type | Used | Fixed | Prohibited | Available |  Util% |
+------------+------+-------+------------+-----------+--------+
| Bonded IOB |  359 |     0 |          0 |       328 | 109.45 |
+------------+------+-------+------------+-----------+--------+


5. CLOCK
--------

+------------+------+-------+------------+-----------+-------+
|  Site Type | Used | Fixed | Prohibited | Available | Util% |
+------------+------+-------+------------+-----------+-------+
| BUFGCE     |    1 |     0 |          0 |       116 |  0.86 |
| BUFGCE_DIV |    0 |     0 |          0 |        16 |  0.00 |
| BUFG_GT    |    0 |     0 |          0 |       168 |  0.00 |
| BUFG_PS    |    0 |     0 |          0 |        72 |  0.00 |
| BUFGCTRL*  |    0 |     0 |          0 |        32 |  0.00 |
| PLL        |    0 |     0 |          0 |         8 |  0.00 |
| MMCM       |    0 |     0 |          0 |         4 |  0.00 |
+------------+------+-------+------------+-----------+-------+
* Note: Each used BUFGCTRL counts as two GLOBAL CLOCK BUFFERs. This table does not include global clocking resources, only buffer cell usage. See the Clock Utilization Report (report_clock_utilization) for detailed accounting of global clocking resource availability.


6. ADVANCED
-----------

+-----------------+------+-------+------------+-----------+-------+
|    Site Type    | Used | Fixed | Prohibited | Available | Util% |
+-----------------+------+-------+------------+-----------+-------+
| GTHE4_CHANNEL   |    0 |     0 |          0 |        24 |  0.00 |
| GTHE4_COMMON    |    0 |     0 |          0 |         6 |  0.00 |
| OBUFDS_GTE4     |    0 |     0 |          0 |        12 |  0.00 |
| OBUFDS_GTE4_ADV |    0 |     0 |          0 |        12 |  0.00 |
| PS8             |    0 |     0 |          0 |         1 |  0.00 |
| SYSMONE4        |    0 |     0 |          0 |         1 |  0.00 |
+-----------------+------+-------+------------+-----------+-------+


7. CONFIGURATION
----------------

+-------------+------+-------+------------+-----------+-------+
|  Site Type  | Used | Fixed | Prohibited | Available | Util% |
+-------------+------+-------+------------+-----------+-------+
| BSCANE2     |    0 |     0 |          0 |         4 |  0.00 |
| DNA_PORTE2  |    0 |     0 |          0 |         1 |  0.00 |
| EFUSE_USR   |    0 |     0 |          0 |         1 |  0.00 |
| FRAME_ECCE4 |    0 |     0 |          0 |         1 |  0.00 |
| ICAPE3      |    0 |     0 |          0 |         2 |  0.00 |
| MASTER_JTAG |    0 |     0 |          0 |         1 |  0.00 |
| STARTUPE3   |    0 |     0 |          0 |         1 |  0.00 |
+-------------+------+-------+------------+-----------+-------+


8. Primitives
-------------

+----------+-------+---------------------+
| Ref Name |  Used | Functional Category |
+----------+-------+---------------------+
| FDRE     | 17898 |            Register |
| LUT6     |  7859 |                 CLB |
| LUT2     |  7120 |                 CLB |
| LUT4     |  2303 |                 CLB |
| LUT5     |  1691 |                 CLB |
| LUT3     |   866 |                 CLB |
| MUXF7    |   609 |                 CLB |
| CARRY8   |   278 |                 CLB |
| OBUF     |   201 |                 I/O |
| MUXF8    |   200 |                 CLB |
| LUT1     |   180 |                 CLB |
| INBUF    |   158 |                 I/O |
| IBUFCTRL |   158 |              Others |
| DSP48E2  |    84 |          Arithmetic |
| RAMB36E2 |     6 |            BLOCKRAM |
| FDSE     |     4 |            Register |
| BUFGCE   |     1 |               Clock |
+----------+-------+---------------------+


9. Black Boxes
--------------

+------------------------+------+
|        Ref Name        | Used |
+------------------------+------+
| slim_WBUF_bank_dp      |   10 |
| inproj_ht_sram_ip      |    9 |
| outproj_WBUF_bank_dp   |    6 |
| inproj_vec_out_sram_ip |    6 |
| bias2sigmoid_fifo      |    4 |
| s_buffer               |    1 |
| bias_ROM               |    1 |
+------------------------+------+


10. Instantiated Netlists
-------------------------

+----------+------+
| Ref Name | Used |
+----------+------+


