Copyright 1986-2022 Xilinx, Inc. All Rights Reserved. Copyright 2022-2024 Advanced Micro Devices, Inc. All Rights Reserved.
---------------------------------------------------------------------------------------------------------------------------------------------
| Tool Version : Vivado v.2024.1 (win64) Build 5076996 Wed May 22 18:37:14 MDT 2024
| Date         : Thu Apr  9 00:04:13 2026
| Host         : 13600kf running 64-bit major release  (build 9200)
| Command      : report_utilization -file design_1_wrapper_utilization_placed.rpt -pb design_1_wrapper_utilization_placed.pb
| Design       : design_1_wrapper
| Device       : xczu9eg-ffvb1156-2-e
| Speed File   : -2
| Design State : Fully Placed
---------------------------------------------------------------------------------------------------------------------------------------------

Utilization Design Information

Table of Contents
-----------------
1. CLB Logic
1.1 Summary of Registers by Type
2. CLB Logic Distribution
3. BLOCKRAM
4. ARITHMETIC
5. I/O
6. CLOCK
7. ADVANCED
8. CONFIGURATION
9. Primitives
10. Black Boxes
11. Instantiated Netlists

1. CLB Logic
------------

+----------------------------+-------+-------+------------+-----------+-------+
|          Site Type         |  Used | Fixed | Prohibited | Available | Util% |
+----------------------------+-------+-------+------------+-----------+-------+
| CLB LUTs                   | 17604 |     0 |          0 |    274080 |  6.42 |
|   LUT as Logic             | 16660 |     0 |          0 |    274080 |  6.08 |
|   LUT as Memory            |   944 |     0 |          0 |    144000 |  0.66 |
|     LUT as Distributed RAM |   762 |     0 |            |           |       |
|     LUT as Shift Register  |   182 |     0 |            |           |       |
| CLB Registers              | 27192 |     0 |          0 |    548160 |  4.96 |
|   Register as Flip Flop    | 27192 |     0 |          0 |    548160 |  4.96 |
|   Register as Latch        |     0 |     0 |          0 |    548160 |  0.00 |
| CARRY8                     |   205 |     0 |          0 |     34260 |  0.60 |
| F7 Muxes                   |  1349 |     0 |          0 |    137040 |  0.98 |
| F8 Muxes                   |   440 |     0 |          0 |     68520 |  0.64 |
| F9 Muxes                   |     0 |     0 |          0 |     34260 |  0.00 |
+----------------------------+-------+-------+------------+-----------+-------+
* Warning! LUT value is adjusted to account for LUT combining.


1.1 Summary of Registers by Type
--------------------------------

+-------+--------------+-------------+--------------+
| Total | Clock Enable | Synchronous | Asynchronous |
+-------+--------------+-------------+--------------+
| 0     |            _ |           - |            - |
| 0     |            _ |           - |          Set |
| 0     |            _ |           - |        Reset |
| 0     |            _ |         Set |            - |
| 0     |            _ |       Reset |            - |
| 0     |          Yes |           - |            - |
| 0     |          Yes |           - |          Set |
| 159   |          Yes |           - |        Reset |
| 373   |          Yes |         Set |            - |
| 26660 |          Yes |       Reset |            - |
+-------+--------------+-------------+--------------+


2. CLB Logic Distribution
-------------------------

+--------------------------------------------+-------+-------+------------+-----------+-------+
|                  Site Type                 |  Used | Fixed | Prohibited | Available | Util% |
+--------------------------------------------+-------+-------+------------+-----------+-------+
| CLB                                        |  4580 |     0 |          0 |     34260 | 13.37 |
|   CLBL                                     |  2126 |     0 |            |           |       |
|   CLBM                                     |  2454 |     0 |            |           |       |
| LUT as Logic                               | 16660 |     0 |          0 |    274080 |  6.08 |
|   using O5 output only                     |   329 |       |            |           |       |
|   using O6 output only                     |  9250 |       |            |           |       |
|   using O5 and O6                          |  7081 |       |            |           |       |
| LUT as Memory                              |   944 |     0 |          0 |    144000 |  0.66 |
|   LUT as Distributed RAM                   |   762 |     0 |            |           |       |
|     using O5 output only                   |     0 |       |            |           |       |
|     using O6 output only                   |     2 |       |            |           |       |
|     using O5 and O6                        |   760 |       |            |           |       |
|   LUT as Shift Register                    |   182 |     0 |            |           |       |
|     using O5 output only                   |     0 |       |            |           |       |
|     using O6 output only                   |    98 |       |            |           |       |
|     using O5 and O6                        |    84 |       |            |           |       |
| CLB Registers                              | 27192 |     0 |          0 |    548160 |  4.96 |
|   Register driven from within the CLB      | 15693 |       |            |           |       |
|   Register driven from outside the CLB     | 11499 |       |            |           |       |
|     LUT in front of the register is unused |  6712 |       |            |           |       |
|     LUT in front of the register is used   |  4787 |       |            |           |       |
| Unique Control Sets                        |   731 |       |          0 |     68520 |  1.07 |
+--------------------------------------------+-------+-------+------------+-----------+-------+
* * Note: Available Control Sets calculated as Slices * 2, Review the Control Sets Report for more information regarding control sets.


3. BLOCKRAM
-----------

+-------------------+-------+-------+------------+-----------+-------+
|     Site Type     |  Used | Fixed | Prohibited | Available | Util% |
+-------------------+-------+-------+------------+-----------+-------+
| Block RAM Tile    | 129.5 |     0 |          0 |       912 | 14.20 |
|   RAMB36/FIFO*    |   122 |     0 |          0 |       912 | 13.38 |
|     FIFO36E2 only |     4 |       |            |           |       |
|     RAMB36E2 only |   118 |       |            |           |       |
|   RAMB18          |    15 |     0 |          0 |      1824 |  0.82 |
|     RAMB18E2 only |    15 |       |            |           |       |
+-------------------+-------+-------+------------+-----------+-------+
* Note: Each Block RAM Tile only has one FIFO logic available and therefore can accommodate only one FIFO36E2 or one FIFO18E2. However, if a FIFO18E2 occupies a Block RAM Tile, that tile can still accommodate a RAMB18E2


4. ARITHMETIC
-------------

+----------------+------+-------+------------+-----------+-------+
|    Site Type   | Used | Fixed | Prohibited | Available | Util% |
+----------------+------+-------+------------+-----------+-------+
| DSPs           |   84 |     0 |          0 |      2520 |  3.33 |
|   DSP48E2 only |   84 |       |            |           |       |
+----------------+------+-------+------------+-----------+-------+


5. I/O
------

+------------------+------+-------+------------+-----------+-------+
|     Site Type    | Used | Fixed | Prohibited | Available | Util% |
+------------------+------+-------+------------+-----------+-------+
| Bonded IOB       |    0 |     0 |          0 |       328 |  0.00 |
| HPIOB_M          |    0 |     0 |          0 |        96 |  0.00 |
| HPIOB_S          |    0 |     0 |          0 |        96 |  0.00 |
| HDIOB_M          |    0 |     0 |          0 |        60 |  0.00 |
| HDIOB_S          |    0 |     0 |          0 |        60 |  0.00 |
| HPIOB_SNGL       |    0 |     0 |          0 |        16 |  0.00 |
| HPIOBDIFFINBUF   |    0 |     0 |          0 |        96 |  0.00 |
| HPIOBDIFFOUTBUF  |    0 |     0 |          0 |        96 |  0.00 |
| HDIOBDIFFINBUF   |    0 |     0 |          0 |        60 |  0.00 |
| BITSLICE_CONTROL |    0 |     0 |          0 |        32 |  0.00 |
| BITSLICE_RX_TX   |    0 |     0 |          0 |      1248 |  0.00 |
| BITSLICE_TX      |    0 |     0 |          0 |        32 |  0.00 |
| RIU_OR           |    0 |     0 |          0 |        16 |  0.00 |
+------------------+------+-------+------------+-----------+-------+


6. CLOCK
--------

+------------+------+-------+------------+-----------+-------+
|  Site Type | Used | Fixed | Prohibited | Available | Util% |
+------------+------+-------+------------+-----------+-------+
| BUFGCE     |    2 |     0 |          0 |       116 |  1.72 |
| BUFGCE_DIV |    0 |     0 |          0 |        16 |  0.00 |
| BUFG_GT    |    0 |     0 |          0 |       168 |  0.00 |
| BUFG_PS    |    1 |     0 |          0 |        72 |  1.39 |
| BUFGCTRL*  |    0 |     0 |          0 |        32 |  0.00 |
| PLL        |    0 |     0 |          0 |         8 |  0.00 |
| MMCM       |    0 |     0 |          0 |         4 |  0.00 |
+------------+------+-------+------------+-----------+-------+
* Note: Each used BUFGCTRL counts as two GLOBAL CLOCK BUFFERs. This table does not include global clocking resources, only buffer cell usage. See the Clock Utilization Report (report_clock_utilization) for detailed accounting of global clocking resource availability.


7. ADVANCED
-----------

+-----------------+------+-------+------------+-----------+--------+
|    Site Type    | Used | Fixed | Prohibited | Available |  Util% |
+-----------------+------+-------+------------+-----------+--------+
| GTHE4_CHANNEL   |    0 |     0 |          0 |        24 |   0.00 |
| GTHE4_COMMON    |    0 |     0 |          0 |         6 |   0.00 |
| OBUFDS_GTE4     |    0 |     0 |          0 |        12 |   0.00 |
| OBUFDS_GTE4_ADV |    0 |     0 |          0 |        12 |   0.00 |
| PS8             |    1 |     0 |          0 |         1 | 100.00 |
| SYSMONE4        |    0 |     0 |          0 |         1 |   0.00 |
+-----------------+------+-------+------------+-----------+--------+


8. CONFIGURATION
----------------

+-------------+------+-------+------------+-----------+-------+
|  Site Type  | Used | Fixed | Prohibited | Available | Util% |
+-------------+------+-------+------------+-----------+-------+
| BSCANE2     |    0 |     0 |          0 |         4 |  0.00 |
| DNA_PORTE2  |    0 |     0 |          0 |         1 |  0.00 |
| EFUSE_USR   |    0 |     0 |          0 |         1 |  0.00 |
| FRAME_ECCE4 |    0 |     0 |          0 |         1 |  0.00 |
| ICAPE3      |    0 |     0 |          0 |         2 |  0.00 |
| MASTER_JTAG |    0 |     0 |          0 |         1 |  0.00 |
| STARTUPE3   |    0 |     0 |          0 |         1 |  0.00 |
+-------------+------+-------+------------+-----------+-------+


9. Primitives
-------------

+----------+-------+---------------------+
| Ref Name |  Used | Functional Category |
+----------+-------+---------------------+
| FDRE     | 26660 |            Register |
| LUT2     |  6932 |                 CLB |
| LUT6     |  6739 |                 CLB |
| LUT3     |  5258 |                 CLB |
| LUT4     |  2485 |                 CLB |
| LUT5     |  2019 |                 CLB |
| MUXF7    |  1349 |                 CLB |
| RAMD32   |  1328 |                 CLB |
| MUXF8    |   440 |                 CLB |
| FDSE     |   373 |            Register |
| LUT1     |   308 |                 CLB |
| SRL16E   |   266 |                 CLB |
| CARRY8   |   205 |                 CLB |
| RAMS32   |   194 |                 CLB |
| FDCE     |   159 |            Register |
| RAMB36E2 |   118 |            BLOCKRAM |
| DSP48E2  |    84 |          Arithmetic |
| RAMB18E2 |    15 |            BLOCKRAM |
| FIFO36E2 |     4 |            BLOCKRAM |
| BUFGCE   |     2 |               Clock |
| PS8      |     1 |            Advanced |
| BUFG_PS  |     1 |               Clock |
+----------+-------+---------------------+


10. Black Boxes
---------------

+----------+------+
| Ref Name | Used |
+----------+------+


11. Instantiated Netlists
-------------------------

+-----------------------------------+------+
|              Ref Name             | Used |
+-----------------------------------+------+
| inproj_ht_sram_ip                 |    9 |
| slim_WBUF_bank_dp                 |    8 |
| outproj_WBUF_bank_dp              |    4 |
| bias2sigmoid_fifo                 |    4 |
| inproj_vec_out_sram_ip            |    2 |
| s_buffer                          |    1 |
| design_1_zynq_ultra_ps_e_0_0      |    1 |
| design_1_smartconnect_0_1         |    1 |
| design_1_smartconnect_0_0         |    1 |
| design_1_reuse_mamba_board_sh_0_1 |    1 |
| design_1_proc_sys_reset_0_0       |    1 |
| design_1_axi_dma_0_1              |    1 |
| design_1_axi_dma_0_0              |    1 |
| bias_ROM                          |    1 |
+-----------------------------------+------+


