Copyright 1986-2022 Xilinx, Inc. All Rights Reserved. Copyright 2022-2024 Advanced Micro Devices, Inc. All Rights Reserved.
---------------------------------------------------------------------------------------------------------------------------------------------
| Tool Version : Vivado v.2024.1 (win64) Build 5076996 Wed May 22 18:37:14 MDT 2024
| Date         : Sun Apr  5 23:21:52 2026
| Host         : 13600kf running 64-bit major release  (build 9200)
| Command      : report_control_sets -verbose -file reuse_mamba_board_shell_control_sets_placed.rpt
| Design       : reuse_mamba_board_shell
| Device       : xczu9eg
---------------------------------------------------------------------------------------------------------------------------------------------

Control Set Information

Table of Contents
-----------------
1. Summary
2. Histogram
3. Flip-Flop Distribution
4. Detailed Control Set Information

1. Summary
----------

+----------------------------------------------------------+-------+
|                          Status                          | Count |
+----------------------------------------------------------+-------+
| Total control sets                                       |   255 |
|    Minimum number of control sets                        |   255 |
|    Addition due to synthesis replication                 |     0 |
|    Addition due to physical synthesis replication        |     0 |
| Unused register locations in slices containing registers |    82 |
+----------------------------------------------------------+-------+
* Control sets can be merged at opt_design using control_set_merge or merge_equivalent_drivers
** Run report_qor_suggestions for automated merging and remapping suggestions


2. Histogram
------------

+--------------------+-------+
|       Fanout       | Count |
+--------------------+-------+
| Total control sets |   255 |
| >= 0 to < 4        |    20 |
| >= 4 to < 6        |    14 |
| >= 6 to < 8        |     7 |
| >= 8 to < 10       |    57 |
| >= 10 to < 12      |     1 |
| >= 12 to < 14      |     2 |
| >= 14 to < 16      |     1 |
| >= 16              |   153 |
+--------------------+-------+
* Control sets can be remapped at either synth_design or opt_design


3. Flip-Flop Distribution
-------------------------

+--------------+-----------------------+------------------------+-----------------+--------------+
| Clock Enable | Synchronous Set/Reset | Asynchronous Set/Reset | Total Registers | Total Slices |
+--------------+-----------------------+------------------------+-----------------+--------------+
| No           | No                    | No                     |              25 |           19 |
| No           | No                    | Yes                    |               0 |            0 |
| No           | Yes                   | No                     |             208 |           88 |
| Yes          | No                    | No                     |               0 |            0 |
| Yes          | No                    | Yes                    |               0 |            0 |
| Yes          | Yes                   | No                     |           18345 |         2982 |
+--------------+-----------------------+------------------------+-----------------+--------------+


4. Detailed Control Set Information
-----------------------------------

+--------------------+-------------------------------------------------------------------------------------------------------------+---------------------------------------------------------------------------------------------------------------+------------------+----------------+--------------+
|    Clock Signal    |                                                Enable Signal                                                |                                                Set/Reset Signal                                               | Slice Load Count | Bel Load Count | Bels / Slice |
+--------------------+-------------------------------------------------------------------------------------------------------------+---------------------------------------------------------------------------------------------------------------+------------------+----------------+--------------+
|  sys_clk_IBUF_BUFG | u_core/u_core/u_u_silu/u_sigmoid/E[0]                                                                       | u_core/Q[0]                                                                                                   |                1 |              2 |         2.00 |
|  sys_clk_IBUF_BUFG | u_core/u_core/u_ssm_core/u_ew/out_valid_reg_0[0]                                                            | u_core/Q[0]                                                                                                   |                1 |              2 |         2.00 |
|  sys_clk_IBUF_BUFG | u_core/u_core/u_in_proj/drain_cnt[1]_i_1__0_n_0                                                             | u_core/Q[0]                                                                                                   |                1 |              2 |         2.00 |
|  sys_clk_IBUF_BUFG |                                                                                                             | u_regs/block_auto_mode_reg_1[0]                                                                               |                2 |              2 |         1.00 |
|  sys_clk_IBUF_BUFG | u_core/u_core/u_ssm_core/u_lam_fifo/a_count_reg[2][0]                                                       | u_core/Q[0]                                                                                                   |                1 |              2 |         2.00 |
|  sys_clk_IBUF_BUFG | u_core/u_core/u_out_proj/drain_cnt[1]_i_2_n_0                                                               | u_core/Q[0]                                                                                                   |                1 |              2 |         2.00 |
|  sys_clk_IBUF_BUFG | u_core/u_core/u_silu/u_x_fifo/b_count_reg[2][0]                                                             | u_core/Q[0]                                                                                                   |                1 |              2 |         2.00 |
|  sys_clk_IBUF_BUFG | u_core/u_core/u_dt_sched/E[0]                                                                               | u_core/Q[0]                                                                                                   |                1 |              2 |         2.00 |
|  sys_clk_IBUF_BUFG | u_core/u_core/u_silu/u_sigmoid/E[0]                                                                         | u_core/Q[0]                                                                                                   |                1 |              2 |         2.00 |
|  sys_clk_IBUF_BUFG | u_core/u_core/u_silu/u_silu_mul/E[0]                                                                        | u_core/Q[0]                                                                                                   |                1 |              2 |         2.00 |
|  sys_clk_IBUF_BUFG | u_core/u_core/u_u_silu/u_x_fifo/b_count_reg[2][0]                                                           | u_core/Q[0]                                                                                                   |                1 |              2 |         2.00 |
|  sys_clk_IBUF_BUFG | u_core/u_core/u_out_proj/row_group_idx1                                                                     | u_core/u_core/u_out_proj/en_sel_reg[3]_i_1_n_0                                                                |                1 |              2 |         2.00 |
|  sys_clk_IBUF_BUFG | u_core/u_core/u_in_proj/CEC                                                                                 | u_core/Q[0]                                                                                                   |                2 |              2 |         1.00 |
|  sys_clk_IBUF_BUFG |                                                                                                             | u_regs/soft_reset_pulse_i_1_n_0                                                                               |                1 |              3 |         3.00 |
|  sys_clk_IBUF_BUFG | u_core/u_core/u_z_reader/FSM_onehot_state[2]_i_1__0_n_0                                                     | u_core/Q[0]                                                                                                   |                1 |              3 |         3.00 |
|  sys_clk_IBUF_BUFG |                                                                                                             | u_regs/soft_reset_pulse_reg_1[0]                                                                              |                2 |              3 |         1.50 |
|  sys_clk_IBUF_BUFG | u_core/u_core/u_ssm_core/u_ew/u_ewa/E[0]                                                                    | u_core/Q[0]                                                                                                   |                1 |              3 |         3.00 |
|  sys_clk_IBUF_BUFG | u_core/u_core/u_out_proj/CEA2                                                                               | u_core/Q[0]                                                                                                   |                1 |              3 |         3.00 |
|  sys_clk_IBUF_BUFG | u_core/u_core/u_pcap/FSM_onehot_st[2]_i_1_n_0                                                               | u_core/Q[0]                                                                                                   |                1 |              3 |         3.00 |
|  sys_clk_IBUF_BUFG | u_core/u_core/u_u_reader/FSM_onehot_state[2]_i_1_n_0                                                        | u_core/Q[0]                                                                                                   |                1 |              3 |         3.00 |
|  sys_clk_IBUF_BUFG |                                                                                                             | u_regs/SR[0]                                                                                                  |                4 |              4 |         1.00 |
|  sys_clk_IBUF_BUFG | u_core/u_core/u_ssm_core/u_gate/u_sg_join/CEP                                                               | u_core/Q[0]                                                                                                   |                2 |              4 |         2.00 |
|  sys_clk_IBUF_BUFG | u_core/u_core/u_dt_sched/FSM_sequential_blk_st_reg[0][0]                                                    | u_regs/block_auto_mode_reg_1[0]                                                                               |                1 |              4 |         4.00 |
|  sys_clk_IBUF_BUFG | u_core/u_core/u_in_proj/out_phase_cnt[3]_i_2_n_0                                                            | u_core/u_core/u_in_proj/out_phase_cnt[3]_i_1__0_n_0                                                           |                1 |              4 |         4.00 |
|  sys_clk_IBUF_BUFG | u_core/u_core/u_silu/u_join/CEP                                                                             | u_core/Q[0]                                                                                                   |                2 |              4 |         2.00 |
|  sys_clk_IBUF_BUFG | u_core/u_core/u_in_proj/CEA2                                                                                | u_core/u_core/u_in_proj/data_cnt[3]_i_1__0_n_0                                                                |                1 |              4 |         4.00 |
|  sys_clk_IBUF_BUFG | u_core/u_core/u_in_proj/tile_cnt[3]_i_1__0_n_0                                                              | u_core/u_core/u_in_proj/data_cnt[3]_i_1__0_n_0                                                                |                1 |              4 |         4.00 |
|  sys_clk_IBUF_BUFG | u_core/u_core/u_u_silu/u_join/CEP                                                                           | u_core/Q[0]                                                                                                   |                2 |              4 |         2.00 |
|  sys_clk_IBUF_BUFG | u_core/u_core/u_dt_sched/tile_cnt[4]_i_1__0_n_0                                                             | u_core/Q[0]                                                                                                   |                1 |              5 |         5.00 |
|  sys_clk_IBUF_BUFG | u_core/u_core/u_out_proj/data_cnt[4]_i_2_n_0                                                                | u_core/u_core/u_out_proj/data_cnt[4]_i_1_n_0                                                                  |                1 |              5 |         5.00 |
|  sys_clk_IBUF_BUFG | u_core/u_core/u_in_proj/sel                                                                                 | u_core/Q[0]                                                                                                   |                1 |              5 |         5.00 |
|  sys_clk_IBUF_BUFG | u_core/u_core/u_out_proj/out_phase_cnt[4]_i_2_n_0                                                           | u_core/u_core/u_out_proj/out_phase_cnt[4]_i_1_n_0                                                             |                2 |              5 |         2.50 |
|  sys_clk_IBUF_BUFG | u_core/u_core/u_out_proj/tile_cnt[4]_i_1_n_0                                                                | u_core/u_core/u_out_proj/data_cnt[4]_i_1_n_0                                                                  |                1 |              5 |         5.00 |
|  sys_clk_IBUF_BUFG | u_core/u_core/u_dt_sched/data_cnt[1]__0_i_1_n_0                                                             | u_core/Q[0]                                                                                                   |                1 |              5 |         5.00 |
|  sys_clk_IBUF_BUFG | u_core/u_core/u_pcap/wr_addr                                                                                | u_core/Q[0]                                                                                                   |                2 |              6 |         3.00 |
|  sys_clk_IBUF_BUFG |                                                                                                             | u_core/u_core/u_mgr/u_shared_fabric/u_shared_pipeline/u_pipeline_4array_top/u_array4/ROW[0].COL[0].u_pe/SR[0] |                1 |              7 |         7.00 |
|  sys_clk_IBUF_BUFG | u_core/u_core/u_u_silu/u_silu_mul/E[0]                                                                      | u_core/u_core/uact_wr_count[6]_i_1_n_0                                                                        |                2 |              7 |         3.50 |
|  sys_clk_IBUF_BUFG | u_core/u_core/u_dt_sched/preload_count[6]_i_1_n_0                                                           | u_core/Q[0]                                                                                                   |                2 |              7 |         3.50 |
|  sys_clk_IBUF_BUFG | u_core/u_core/u_z_reader/recv_count[6]_i_1__0_n_0                                                           | u_core/Q[0]                                                                                                   |                2 |              7 |         3.50 |
|  sys_clk_IBUF_BUFG | u_core/u_core/u_u_reader/recv_count[6]_i_1_n_0                                                              | u_core/Q[0]                                                                                                   |                2 |              7 |         3.50 |
|  sys_clk_IBUF_BUFG | u_core/u_core/u_in_proj/write_row_subtile_idx[1]_i_1__0_n_0                                                 | u_core/u_core/u_in_proj/en_sel_reg[3]_i_1__0_n_0                                                              |                1 |              7 |         7.00 |
|  sys_clk_IBUF_BUFG | u_regs/outproj_w_addr[15]_i_1_n_0                                                                           | u_regs/SR[0]                                                                                                  |                5 |              8 |         1.60 |
|  sys_clk_IBUF_BUFG | u_regs/outproj_w_addr[39]_i_1_n_0                                                                           | u_regs/SR[0]                                                                                                  |                4 |              8 |         2.00 |
|  sys_clk_IBUF_BUFG | u_regs/outproj_w_addr[63]_i_1_n_0                                                                           | u_regs/SR[0]                                                                                                  |                7 |              8 |         1.14 |
|  sys_clk_IBUF_BUFG | u_regs/outproj_w_addr[55]_i_1_n_0                                                                           | u_regs/SR[0]                                                                                                  |                4 |              8 |         2.00 |
|  sys_clk_IBUF_BUFG | u_regs/outproj_w_addr[7]_i_1_n_0                                                                            | u_regs/SR[0]                                                                                                  |                4 |              8 |         2.00 |
|  sys_clk_IBUF_BUFG | u_regs/outproj_w_addr[31]_i_1_n_0                                                                           | u_regs/SR[0]                                                                                                  |                6 |              8 |         1.33 |
|  sys_clk_IBUF_BUFG | u_regs/outproj_w_addr[47]_i_1_n_0                                                                           | u_regs/SR[0]                                                                                                  |                7 |              8 |         1.14 |
|  sys_clk_IBUF_BUFG | u_regs/y_dst_addr[39]_i_1_n_0                                                                               | u_regs/SR[0]                                                                                                  |                5 |              8 |         1.60 |
|  sys_clk_IBUF_BUFG | u_regs/y_dst_addr[47]_i_1_n_0                                                                               | u_regs/SR[0]                                                                                                  |                6 |              8 |         1.33 |
|  sys_clk_IBUF_BUFG | u_regs/y_dst_addr[55]_i_1_n_0                                                                               | u_regs/SR[0]                                                                                                  |                6 |              8 |         1.33 |
|  sys_clk_IBUF_BUFG | u_regs/y_dst_addr[23]_i_1_n_0                                                                               | u_regs/SR[0]                                                                                                  |                5 |              8 |         1.60 |
|  sys_clk_IBUF_BUFG | u_regs/y_dst_addr[7]_i_1_n_0                                                                                | u_regs/SR[0]                                                                                                  |                4 |              8 |         2.00 |
|  sys_clk_IBUF_BUFG | u_regs/y_dst_addr[63]_i_1_n_0                                                                               | u_regs/SR[0]                                                                                                  |                6 |              8 |         1.33 |
|  sys_clk_IBUF_BUFG | u_regs/y_dst_addr[31]_i_1_n_0                                                                               | u_regs/SR[0]                                                                                                  |                8 |              8 |         1.00 |
|  sys_clk_IBUF_BUFG | u_regs/y_dst_addr[15]_i_1_n_0                                                                               | u_regs/SR[0]                                                                                                  |                5 |              8 |         1.60 |
|  sys_clk_IBUF_BUFG | u_regs/dt_w_addr[55]_i_1_n_0                                                                                | u_regs/SR[0]                                                                                                  |                4 |              8 |         2.00 |
|  sys_clk_IBUF_BUFG | u_regs/y_rows_cfg[15]_i_1_n_0                                                                               | u_regs/SR[0]                                                                                                  |                4 |              8 |         2.00 |
|  sys_clk_IBUF_BUFG | u_regs/p_1_in[55]                                                                                           | u_regs/SR[0]                                                                                                  |                4 |              8 |         2.00 |
|  sys_clk_IBUF_BUFG | u_regs/p_1_in[7]                                                                                            | u_regs/SR[0]                                                                                                  |                4 |              8 |         2.00 |
|  sys_clk_IBUF_BUFG | u_regs/p_1_in[39]                                                                                           | u_regs/SR[0]                                                                                                  |                5 |              8 |         1.60 |
|  sys_clk_IBUF_BUFG | u_regs/p_1_in[23]                                                                                           | u_regs/SR[0]                                                                                                  |                6 |              8 |         1.33 |
|  sys_clk_IBUF_BUFG | u_regs/p_1_in[31]                                                                                           | u_regs/SR[0]                                                                                                  |                6 |              8 |         1.33 |
|  sys_clk_IBUF_BUFG | u_regs/p_1_in[47]                                                                                           | u_regs/SR[0]                                                                                                  |                5 |              8 |         1.60 |
|  sys_clk_IBUF_BUFG | u_regs/p_1_in[63]                                                                                           | u_regs/SR[0]                                                                                                  |                6 |              8 |         1.33 |
|  sys_clk_IBUF_BUFG | u_regs/y_rows_cfg[7]_i_1_n_0                                                                                | u_regs/SR[0]                                                                                                  |                6 |              8 |         1.33 |
|  sys_clk_IBUF_BUFG | u_regs/inproj_w_addr[23]_i_1_n_0                                                                            | u_regs/SR[0]                                                                                                  |                5 |              8 |         1.60 |
|  sys_clk_IBUF_BUFG | u_core/u_core/u_dt_sched/state_reg[0]_0[0]                                                                  | u_regs/block_auto_mode_reg_1[0]                                                                               |                2 |              8 |         4.00 |
|  sys_clk_IBUF_BUFG | u_regs/dt_w_addr[23]_i_1_n_0                                                                                | u_regs/SR[0]                                                                                                  |                7 |              8 |         1.14 |
|  sys_clk_IBUF_BUFG | u_regs/dt_w_addr[47]_i_1_n_0                                                                                | u_regs/SR[0]                                                                                                  |                5 |              8 |         1.60 |
|  sys_clk_IBUF_BUFG | u_regs/dt_w_addr[15]_i_1_n_0                                                                                | u_regs/SR[0]                                                                                                  |                5 |              8 |         1.60 |
|  sys_clk_IBUF_BUFG | u_regs/dt_w_addr[7]_i_1_n_0                                                                                 | u_regs/SR[0]                                                                                                  |                4 |              8 |         2.00 |
|  sys_clk_IBUF_BUFG | u_regs/dt_w_addr[39]_i_1_n_0                                                                                | u_regs/SR[0]                                                                                                  |                4 |              8 |         2.00 |
|  sys_clk_IBUF_BUFG | u_regs/dt_w_addr[31]_i_1_n_0                                                                                | u_regs/SR[0]                                                                                                  |                8 |              8 |         1.00 |
|  sys_clk_IBUF_BUFG | u_regs/dt_w_addr[63]_i_1_n_0                                                                                | u_regs/SR[0]                                                                                                  |                5 |              8 |         1.60 |
|  sys_clk_IBUF_BUFG | u_regs/g_src_addr[63]_i_1_n_0                                                                               | u_regs/SR[0]                                                                                                  |                5 |              8 |         1.60 |
|  sys_clk_IBUF_BUFG | u_regs/g_src_addr[7]_i_1_n_0                                                                                | u_regs/SR[0]                                                                                                  |                4 |              8 |         2.00 |
|  sys_clk_IBUF_BUFG | u_regs/g_src_addr[15]_i_1_n_0                                                                               | u_regs/SR[0]                                                                                                  |                5 |              8 |         1.60 |
|  sys_clk_IBUF_BUFG | u_regs/g_src_addr[47]_i_1_n_0                                                                               | u_regs/SR[0]                                                                                                  |                7 |              8 |         1.14 |
|  sys_clk_IBUF_BUFG | u_regs/g_src_addr[55]_i_1_n_0                                                                               | u_regs/SR[0]                                                                                                  |                5 |              8 |         1.60 |
|  sys_clk_IBUF_BUFG | u_regs/g_src_addr[23]_i_1_n_0                                                                               | u_regs/SR[0]                                                                                                  |                5 |              8 |         1.60 |
|  sys_clk_IBUF_BUFG | u_regs/g_src_addr[31]_i_1_n_0                                                                               | u_regs/SR[0]                                                                                                  |                7 |              8 |         1.14 |
|  sys_clk_IBUF_BUFG | u_regs/g_src_addr[39]_i_1_n_0                                                                               | u_regs/SR[0]                                                                                                  |                3 |              8 |         2.67 |
|  sys_clk_IBUF_BUFG | u_regs/h_rows_cfg[15]_i_1_n_0                                                                               | u_regs/SR[0]                                                                                                  |                4 |              8 |         2.00 |
|  sys_clk_IBUF_BUFG | u_regs/h_rows_cfg[7]_i_1_n_0                                                                                | u_regs/SR[0]                                                                                                  |                2 |              8 |         4.00 |
|  sys_clk_IBUF_BUFG | u_regs/inproj_w_addr[63]_i_1_n_0                                                                            | u_regs/SR[0]                                                                                                  |                7 |              8 |         1.14 |
|  sys_clk_IBUF_BUFG | u_regs/inproj_w_addr[15]_i_1_n_0                                                                            | u_regs/SR[0]                                                                                                  |                5 |              8 |         1.60 |
|  sys_clk_IBUF_BUFG | u_regs/inproj_w_addr[7]_i_1_n_0                                                                             | u_regs/SR[0]                                                                                                  |                4 |              8 |         2.00 |
|  sys_clk_IBUF_BUFG | u_regs/outproj_w_addr[23]_i_1_n_0                                                                           | u_regs/SR[0]                                                                                                  |                5 |              8 |         1.60 |
|  sys_clk_IBUF_BUFG | u_regs/inproj_w_addr[31]_i_1_n_0                                                                            | u_regs/SR[0]                                                                                                  |                4 |              8 |         2.00 |
|  sys_clk_IBUF_BUFG | u_regs/p_1_in[15]                                                                                           | u_regs/SR[0]                                                                                                  |                5 |              8 |         1.60 |
|  sys_clk_IBUF_BUFG | u_regs/inproj_w_addr[39]_i_1_n_0                                                                            | u_regs/SR[0]                                                                                                  |                4 |              8 |         2.00 |
|  sys_clk_IBUF_BUFG | u_regs/inproj_w_addr[47]_i_1_n_0                                                                            | u_regs/SR[0]                                                                                                  |                8 |              8 |         1.00 |
|  sys_clk_IBUF_BUFG | u_regs/inproj_w_addr[55]_i_1_n_0                                                                            | u_regs/SR[0]                                                                                                  |                6 |              8 |         1.33 |
|  sys_clk_IBUF_BUFG | u_regs/irq_enable[15]_i_1_n_0                                                                               | u_regs/SR[0]                                                                                                  |                5 |              8 |         1.60 |
|  sys_clk_IBUF_BUFG | u_regs/irq_enable[23]_i_1_n_0                                                                               | u_regs/SR[0]                                                                                                  |                4 |              8 |         2.00 |
|  sys_clk_IBUF_BUFG | u_regs/irq_enable[31]_i_1_n_0                                                                               | u_regs/SR[0]                                                                                                  |                6 |              8 |         1.33 |
|  sys_clk_IBUF_BUFG | u_regs/irq_enable[7]_i_1_n_0                                                                                | u_regs/SR[0]                                                                                                  |                4 |              8 |         2.00 |
|  sys_clk_IBUF_BUFG | u_h_loader/busy1                                                                                            | u_regs/busy_reg[0]                                                                                            |                2 |             10 |         5.00 |
|  sys_clk_IBUF_BUFG | u_core/u_core/u_z_reader/rd_addr_reg[5]_i_1__0_n_0                                                          | u_core/Q[0]                                                                                                   |                4 |             13 |         3.25 |
|  sys_clk_IBUF_BUFG | u_core/u_core/u_u_reader/rd_addr_reg[5]_i_1_n_0                                                             | u_core/Q[0]                                                                                                   |                4 |             13 |         3.25 |
|  sys_clk_IBUF_BUFG |                                                                                                             | u_core/u_core/u_in_proj/en_sel_reg[3]_i_1__0_n_0                                                              |                4 |             15 |         3.75 |
|  sys_clk_IBUF_BUFG |                                                                                                             | u_core/u_core/u_out_proj/en_sel_reg[3]_i_1_n_0                                                                |                5 |             16 |         3.20 |
|  sys_clk_IBUF_BUFG | u_h_loader/rows_left[15]_i_1_n_0                                                                            | u_regs/SR[0]                                                                                                  |                6 |             16 |         2.67 |
|  sys_clk_IBUF_BUFG |                                                                                                             |                                                                                                               |               19 |             25 |         1.32 |
|  sys_clk_IBUF_BUFG | u_core/u_core/u_ssm_core/u_join/a_mem                                                                       | u_core/Q[0]                                                                                                   |               13 |             32 |         2.46 |
|  sys_clk_IBUF_BUFG | u_regs/s_axi_rdata[31]_i_1_n_0                                                                              | u_regs/SR[0]                                                                                                  |               14 |             32 |         2.29 |
|  sys_clk_IBUF_BUFG | u_core/u_core/u_ssm_core/u_join/a_mem[1][3][15]_i_1_n_0                                                     | u_core/Q[0]                                                                                                   |               14 |             32 |         2.29 |
|  sys_clk_IBUF_BUFG | u_core/u_core/u_ssm_core/u_join/a_mem[0][3][15]_i_1_n_0                                                     | u_core/Q[0]                                                                                                   |               14 |             32 |         2.29 |
|  sys_clk_IBUF_BUFG | u_core/u_core/u_ssm_core/u_join/a_mem[2][3][15]_i_1__1_n_0                                                  | u_core/Q[0]                                                                                                   |               14 |             32 |         2.29 |
|  sys_clk_IBUF_BUFG | u_core/u_core/u_dt_sched/row_idx[5]_i_1_n_0                                                                 | u_core/Q[0]                                                                                                   |                5 |             33 |         6.60 |
|  sys_clk_IBUF_BUFG | u_core/u_core/u_dt_sched/fetch_group_d1[4]_i_1_n_0                                                          | u_core/Q[0]                                                                                                   |               18 |             38 |         2.11 |
|  sys_clk_IBUF_BUFG | u_core/u_core/u_ssm_core/u_join/E[0]                                                                        | u_core/Q[0]                                                                                                   |               11 |             48 |         4.36 |
|  sys_clk_IBUF_BUFG | u_core/u_core/u_ssm_core/u_gate/u_sg_join/a_mem[1][3][15]_i_1__0_n_0                                        | u_core/Q[0]                                                                                                   |               18 |             64 |         3.56 |
|  sys_clk_IBUF_BUFG | u_core/u_core/u_ssm_core/u_gate/u_sg_join/a_mem[2][3][15]_i_1__2_n_0                                        | u_core/Q[0]                                                                                                   |               18 |             64 |         3.56 |
|  sys_clk_IBUF_BUFG | u_core/u_core/u_ssm_core/u_gate/u_sg_join/a_mem                                                             | u_core/Q[0]                                                                                                   |               18 |             64 |         3.56 |
|  sys_clk_IBUF_BUFG | u_core/u_core/u_ssm_core/u_gate/u_sg_join/a_mem[0][3][15]_i_1__0_n_0                                        | u_core/Q[0]                                                                                                   |               18 |             64 |         3.56 |
|  sys_clk_IBUF_BUFG | u_core/u_core/u_ssm_core/u_gate/u_sg_join/b_mem[0][3][15]_i_1__0_n_0                                        | u_core/Q[0]                                                                                                   |               22 |             64 |         2.91 |
|  sys_clk_IBUF_BUFG | u_core/u_core/u_out_proj/B0_mat_reg[3][3][15]_i_1_n_0                                                       | u_core/u_core/u_out_proj/A0_mat_reg[3][3][15]_i_1_n_0                                                         |               16 |             64 |         4.00 |
|  sys_clk_IBUF_BUFG | u_core/u_core/u_silu/u_join/a_mem[2][3][15]_i_1_n_0                                                         | u_core/Q[0]                                                                                                   |               21 |             64 |         3.05 |
|  sys_clk_IBUF_BUFG | u_core/u_core/u_silu/u_join/b_mem[2][3][15]_i_1_n_0                                                         | u_core/Q[0]                                                                                                   |               21 |             64 |         3.05 |
|  sys_clk_IBUF_BUFG | u_core/u_core/u_silu/u_join/b_mem[0][3][15]_i_1__1_n_0                                                      | u_core/Q[0]                                                                                                   |               21 |             64 |         3.05 |
|  sys_clk_IBUF_BUFG | u_core/u_core/u_silu/u_join/b_mem                                                                           | u_core/Q[0]                                                                                                   |               21 |             64 |         3.05 |
|  sys_clk_IBUF_BUFG | u_core/u_core/u_silu/u_join/a_mem[1][3][15]_i_1__1_n_0                                                      | u_core/Q[0]                                                                                                   |               23 |             64 |         2.78 |
|  sys_clk_IBUF_BUFG | u_core/u_core/u_silu/u_join/a_mem                                                                           | u_core/Q[0]                                                                                                   |               21 |             64 |         3.05 |
|  sys_clk_IBUF_BUFG | u_core/u_core/u_silu/u_join/a_mem[0][3][15]_i_1__1_n_0                                                      | u_core/Q[0]                                                                                                   |               22 |             64 |         2.91 |
|  sys_clk_IBUF_BUFG | u_core/u_core/u_silu/u_join/b_mem[1][3][15]_i_1__1_n_0                                                      | u_core/Q[0]                                                                                                   |               21 |             64 |         3.05 |
|  sys_clk_IBUF_BUFG | u_core/u_core/u_ssm_core/u_gate/u_sg_join/b_mem[2][3][15]_i_1__2_n_0                                        | u_core/Q[0]                                                                                                   |               22 |             64 |         2.91 |
|  sys_clk_IBUF_BUFG | u_core/u_core/u_u_silu/u_join/b_mem[0][3][15]_i_1__2_n_0                                                    | u_core/Q[0]                                                                                                   |               19 |             64 |         3.37 |
|  sys_clk_IBUF_BUFG | u_core/u_core/u_u_silu/u_join/a_mem[0][3][15]_i_1__2_n_0                                                    | u_core/Q[0]                                                                                                   |               21 |             64 |         3.05 |
|  sys_clk_IBUF_BUFG | u_core/u_core/u_u_silu/u_join/b_mem                                                                         | u_core/Q[0]                                                                                                   |               19 |             64 |         3.37 |
|  sys_clk_IBUF_BUFG | u_core/u_core/u_u_silu/u_join/a_mem                                                                         | u_core/Q[0]                                                                                                   |               21 |             64 |         3.05 |
|  sys_clk_IBUF_BUFG | u_core/u_core/u_u_silu/u_join/b_mem[2][3][15]_i_1__0_n_0                                                    | u_core/Q[0]                                                                                                   |               19 |             64 |         3.37 |
|  sys_clk_IBUF_BUFG | u_core/u_core/u_u_silu/u_join/a_mem[2][3][15]_i_1__0_n_0                                                    | u_core/Q[0]                                                                                                   |               21 |             64 |         3.05 |
|  sys_clk_IBUF_BUFG | u_core/u_core/u_u_silu/u_join/b_mem[1][3][15]_i_1__2_n_0                                                    | u_core/Q[0]                                                                                                   |               19 |             64 |         3.37 |
|  sys_clk_IBUF_BUFG | u_core/u_core/u_u_silu/u_sigmoid/pending_valid                                                              | u_core/Q[0]                                                                                                   |               14 |             64 |         4.57 |
|  sys_clk_IBUF_BUFG | u_core/u_core/u_u_silu/u_sigmoid/out_reg[3][15]_i_1__1_n_0                                                  | u_core/Q[0]                                                                                                   |               14 |             64 |         4.57 |
|  sys_clk_IBUF_BUFG | u_core/u_core/u_ssm_core/u_join/b_mem[2][3][15]_i_1__1_n_0                                                  | u_core/Q[0]                                                                                                   |               22 |             64 |         2.91 |
|  sys_clk_IBUF_BUFG | u_core/u_core/u_ssm_core/u_join/b_mem                                                                       | u_core/Q[0]                                                                                                   |               22 |             64 |         2.91 |
|  sys_clk_IBUF_BUFG | u_core/u_core/u_ssm_core/u_join/b_mem[0][3][15]_i_1_n_0                                                     | u_core/Q[0]                                                                                                   |               22 |             64 |         2.91 |
|  sys_clk_IBUF_BUFG | u_core/u_core/u_ssm_core/u_join/b_mem[1][3][15]_i_1_n_0                                                     | u_core/Q[0]                                                                                                   |               22 |             64 |         2.91 |
|  sys_clk_IBUF_BUFG | u_core/u_core/u_ssm_core/u_bias_add/hold_valid0                                                             | u_core/Q[0]                                                                                                   |                8 |             64 |         8.00 |
|  sys_clk_IBUF_BUFG | u_core/u_core/u_ssm_core/u_bias_add/bias_en                                                                 | u_core/Q[0]                                                                                                   |               23 |             64 |         2.78 |
|  sys_clk_IBUF_BUFG | u_core/u_core/u_ssm_core/u_bias_add/p_1_out                                                                 | u_core/Q[0]                                                                                                   |               19 |             64 |         3.37 |
|  sys_clk_IBUF_BUFG | u_core/u_core/u_ssm_core/u_bias_add/p_0_out                                                                 | u_core/Q[0]                                                                                                   |               19 |             64 |         3.37 |
|  sys_clk_IBUF_BUFG | u_core/u_core/u_ssm_core/u_bias_add/p_2_out                                                                 | u_core/Q[0]                                                                                                   |               23 |             64 |         2.78 |
|  sys_clk_IBUF_BUFG | u_core/u_core/u_ssm_core/u_ew/u_ewa/FSM_sequential_st_reg[2]                                                | u_core/Q[0]                                                                                                   |               10 |             64 |         6.40 |
|  sys_clk_IBUF_BUFG | u_core/u_core/u_ssm_core/u_ew/u_ewm2/out_valid_reg_0[0]                                                     | u_core/Q[0]                                                                                                   |                8 |             64 |         8.00 |
|  sys_clk_IBUF_BUFG | u_core/u_core/u_u_silu/u_join/a_mem[1][3][15]_i_1__2_n_0                                                    | u_core/Q[0]                                                                                                   |               21 |             64 |         3.05 |
|  sys_clk_IBUF_BUFG | u_core/u_core/u_ssm_core/u_p2s/hold_valid0__0                                                               | u_core/Q[0]                                                                                                   |               18 |             64 |         3.56 |
|  sys_clk_IBUF_BUFG | u_core/u_core/u_ssm_core/u_sigmoid/out_reg[3][15]_i_1_n_0                                                   | u_core/Q[0]                                                                                                   |               24 |             64 |         2.67 |
|  sys_clk_IBUF_BUFG | u_core/u_core/u_ssm_core/u_sigmoid/pending_valid                                                            | u_core/Q[0]                                                                                                   |               24 |             64 |         2.67 |
|  sys_clk_IBUF_BUFG | u_core/u_core/u_ssm_core/u_sigmoid/E[0]                                                                     | u_core/Q[0]                                                                                                   |               22 |             64 |         2.91 |
|  sys_clk_IBUF_BUFG | u_core/u_core/u_ssm_core/u_lam_fifo/E[0]                                                                    | u_core/Q[0]                                                                                                   |               22 |             64 |         2.91 |
|  sys_clk_IBUF_BUFG | u_core/u_core/u_dt_sched/x_cache[21][0][15]_i_1_n_0                                                         | u_core/Q[0]                                                                                                   |               56 |             64 |         1.14 |
|  sys_clk_IBUF_BUFG | u_core/u_core/u_dt_sched/x_cache[27][0][15]_i_1_n_0                                                         | u_core/Q[0]                                                                                                   |               57 |             64 |         1.12 |
|  sys_clk_IBUF_BUFG | u_core/u_core/u_dt_sched/x_cache[32][0][15]_i_1_n_0                                                         | u_core/Q[0]                                                                                                   |               50 |             64 |         1.28 |
|  sys_clk_IBUF_BUFG | u_core/u_core/u_dt_sched/x_cache[37][0][15]_i_1_n_0                                                         | u_core/Q[0]                                                                                                   |               51 |             64 |         1.25 |
|  sys_clk_IBUF_BUFG | u_core/u_core/u_dt_sched/x_cache[38][0][15]_i_1_n_0                                                         | u_core/Q[0]                                                                                                   |               48 |             64 |         1.33 |
|  sys_clk_IBUF_BUFG | u_core/u_core/u_dt_sched/x_cache[25][0][15]_i_1_n_0                                                         | u_core/Q[0]                                                                                                   |               52 |             64 |         1.23 |
|  sys_clk_IBUF_BUFG | u_core/u_core/u_dt_sched/x_cache[39][0][15]_i_1_n_0                                                         | u_core/Q[0]                                                                                                   |               50 |             64 |         1.28 |
|  sys_clk_IBUF_BUFG | u_core/u_core/u_dt_sched/x_cache[26][0][15]_i_1_n_0                                                         | u_core/Q[0]                                                                                                   |               53 |             64 |         1.21 |
|  sys_clk_IBUF_BUFG | u_core/u_core/u_dt_sched/x_cache[10][0][15]_i_1_n_0                                                         | u_core/Q[0]                                                                                                   |               60 |             64 |         1.07 |
|  sys_clk_IBUF_BUFG | u_core/u_core/u_dt_sched/x_cache[20][0][15]_i_1_n_0                                                         | u_core/Q[0]                                                                                                   |               43 |             64 |         1.49 |
|  sys_clk_IBUF_BUFG | u_core/u_core/u_dt_sched/x_cache[24][0][15]_i_1_n_0                                                         | u_core/Q[0]                                                                                                   |               43 |             64 |         1.49 |
|  sys_clk_IBUF_BUFG | u_core/u_core/u_dt_sched/x_cache[28][0][15]_i_1_n_0                                                         | u_core/Q[0]                                                                                                   |               35 |             64 |         1.83 |
|  sys_clk_IBUF_BUFG | u_core/u_core/u_dt_sched/x_cache[2][0][15]_i_1_n_0                                                          | u_core/Q[0]                                                                                                   |               56 |             64 |         1.14 |
|  sys_clk_IBUF_BUFG | u_core/u_core/u_dt_sched/x_cache[30][0][15]_i_1_n_0                                                         | u_core/Q[0]                                                                                                   |               52 |             64 |         1.23 |
|  sys_clk_IBUF_BUFG | u_core/u_core/u_dt_sched/x_cache[31][0][15]_i_1_n_0                                                         | u_core/Q[0]                                                                                                   |               49 |             64 |         1.31 |
|  sys_clk_IBUF_BUFG | u_core/u_core/u_dt_sched/x_cache[0][0][15]_i_1_n_0                                                          | u_core/Q[0]                                                                                                   |               44 |             64 |         1.45 |
|  sys_clk_IBUF_BUFG | u_core/u_core/u_dt_sched/x_cache[19][0][15]_i_1_n_0                                                         | u_core/Q[0]                                                                                                   |               56 |             64 |         1.14 |
|  sys_clk_IBUF_BUFG | u_core/u_core/u_dt_sched/x_cache[14][0][15]_i_1_n_0                                                         | u_core/Q[0]                                                                                                   |               55 |             64 |         1.16 |
|  sys_clk_IBUF_BUFG | u_core/u_core/u_dt_sched/x_cache[13][0][15]_i_1_n_0                                                         | u_core/Q[0]                                                                                                   |               55 |             64 |         1.16 |
|  sys_clk_IBUF_BUFG | u_core/u_core/u_dt_sched/x_cache[15][0][15]_i_1_n_0                                                         | u_core/Q[0]                                                                                                   |               58 |             64 |         1.10 |
|  sys_clk_IBUF_BUFG | u_core/u_core/u_dt_sched/x_cache[11][0][15]_i_1_n_0                                                         | u_core/Q[0]                                                                                                   |               55 |             64 |         1.16 |
|  sys_clk_IBUF_BUFG | u_core/u_core/u_dt_sched/x_cache[23][0][15]_i_1_n_0                                                         | u_core/Q[0]                                                                                                   |               58 |             64 |         1.10 |
|  sys_clk_IBUF_BUFG | u_core/u_core/u_dt_sched/x_cache[16][0][15]_i_1_n_0                                                         | u_core/Q[0]                                                                                                   |               41 |             64 |         1.56 |
|  sys_clk_IBUF_BUFG | u_core/u_core/u_dt_sched/x_cache[33][0][15]_i_1_n_0                                                         | u_core/Q[0]                                                                                                   |               49 |             64 |         1.31 |
|  sys_clk_IBUF_BUFG | u_core/u_core/u_dt_sched/x_cache[34][0][15]_i_1_n_0                                                         | u_core/Q[0]                                                                                                   |               50 |             64 |         1.28 |
|  sys_clk_IBUF_BUFG | u_core/u_core/u_dt_sched/x_cache[35][0][15]_i_1_n_0                                                         | u_core/Q[0]                                                                                                   |               53 |             64 |         1.21 |
|  sys_clk_IBUF_BUFG | u_core/u_core/u_dt_sched/x_cache[36][0][15]_i_1_n_0                                                         | u_core/Q[0]                                                                                                   |               48 |             64 |         1.33 |
|  sys_clk_IBUF_BUFG | u_core/u_core/u_dt_sched/x_cache[18][0][15]_i_1_n_0                                                         | u_core/Q[0]                                                                                                   |               54 |             64 |         1.19 |
|  sys_clk_IBUF_BUFG | u_core/u_core/u_dt_sched/x_cache[1][0][15]_i_1_n_0                                                          | u_core/Q[0]                                                                                                   |               54 |             64 |         1.19 |
|  sys_clk_IBUF_BUFG | u_core/u_core/u_dt_sched/x_cache[12][0][15]_i_1_n_0                                                         | u_core/Q[0]                                                                                                   |               44 |             64 |         1.45 |
|  sys_clk_IBUF_BUFG | u_core/u_core/u_dt_sched/x_cache[22][0][15]_i_1_n_0                                                         | u_core/Q[0]                                                                                                   |               51 |             64 |         1.25 |
|  sys_clk_IBUF_BUFG | u_core/u_core/u_dt_sched/x_cache[29][0][15]_i_1_n_0                                                         | u_core/Q[0]                                                                                                   |               55 |             64 |         1.16 |
|  sys_clk_IBUF_BUFG | u_core/u_core/u_dt_sched/x_cache[49][0][15]_i_1_n_0                                                         | u_core/Q[0]                                                                                                   |               47 |             64 |         1.36 |
|  sys_clk_IBUF_BUFG | u_core/u_core/u_dt_sched/x_cache[51][0][15]_i_1_n_0                                                         | u_core/Q[0]                                                                                                   |               49 |             64 |         1.31 |
|  sys_clk_IBUF_BUFG | u_core/u_core/u_dt_sched/x_cache[41][0][15]_i_1_n_0                                                         | u_core/Q[0]                                                                                                   |               47 |             64 |         1.36 |
|  sys_clk_IBUF_BUFG | u_core/u_core/u_dt_sched/x_cache[6][0][15]_i_1_n_0                                                          | u_core/Q[0]                                                                                                   |               57 |             64 |         1.12 |
|  sys_clk_IBUF_BUFG | u_core/u_core/u_dt_sched/x_cache[42][0][15]_i_1_n_0                                                         | u_core/Q[0]                                                                                                   |               51 |             64 |         1.25 |
|  sys_clk_IBUF_BUFG | u_core/u_core/u_dt_sched/x_cache[59][0][15]_i_1_n_0                                                         | u_core/Q[0]                                                                                                   |               45 |             64 |         1.42 |
|  sys_clk_IBUF_BUFG | u_core/u_core/u_dt_sched/x_cache[46][0][15]_i_1_n_0                                                         | u_core/Q[0]                                                                                                   |               50 |             64 |         1.28 |
|  sys_clk_IBUF_BUFG | u_core/u_core/u_dt_sched/x_cache[40][0][15]_i_1_n_0                                                         | u_core/Q[0]                                                                                                   |               42 |             64 |         1.52 |
|  sys_clk_IBUF_BUFG | u_core/u_core/u_dt_sched/x_cache[52][0][15]_i_1_n_0                                                         | u_core/Q[0]                                                                                                   |               43 |             64 |         1.49 |
|  sys_clk_IBUF_BUFG | u_core/u_core/u_dt_sched/x_cache[43][0][15]_i_1_n_0                                                         | u_core/Q[0]                                                                                                   |               50 |             64 |         1.28 |
|  sys_clk_IBUF_BUFG | u_core/u_core/u_dt_sched/x_cache[44][0][15]_i_1_n_0                                                         | u_core/Q[0]                                                                                                   |               43 |             64 |         1.49 |
|  sys_clk_IBUF_BUFG | u_core/u_core/u_dt_sched/x_cache[62][0][15]_i_1_n_0                                                         | u_core/Q[0]                                                                                                   |               47 |             64 |         1.36 |
|  sys_clk_IBUF_BUFG | u_core/u_core/u_dt_sched/x_cache[53][0][15]_i_1_n_0                                                         | u_core/Q[0]                                                                                                   |               48 |             64 |         1.33 |
|  sys_clk_IBUF_BUFG | u_core/u_core/u_dt_sched/x_cache[54][0][15]_i_1_n_0                                                         | u_core/Q[0]                                                                                                   |               50 |             64 |         1.28 |
|  sys_clk_IBUF_BUFG | u_core/u_core/u_dt_sched/x_cache[17][0][15]_i_1_n_0                                                         | u_core/Q[0]                                                                                                   |               54 |             64 |         1.19 |
|  sys_clk_IBUF_BUFG | u_core/u_core/u_dt_sched/x_cache[55][0][15]_i_1_n_0                                                         | u_core/Q[0]                                                                                                   |               49 |             64 |         1.31 |
|  sys_clk_IBUF_BUFG | u_core/u_core/u_dt_sched/x_cache[5][0][15]_i_1_n_0                                                          | u_core/Q[0]                                                                                                   |               52 |             64 |         1.23 |
|  sys_clk_IBUF_BUFG | u_core/u_core/u_dt_sched/x_cache[8][0][15]_i_1_n_0                                                          | u_core/Q[0]                                                                                                   |               42 |             64 |         1.52 |
|  sys_clk_IBUF_BUFG | u_core/u_core/u_dt_sched/x_cache[4][0][15]_i_1_n_0                                                          | u_core/Q[0]                                                                                                   |               46 |             64 |         1.39 |
|  sys_clk_IBUF_BUFG | u_core/u_core/u_dt_sched/x_cache[45][0][15]_i_1_n_0                                                         | u_core/Q[0]                                                                                                   |               47 |             64 |         1.36 |
|  sys_clk_IBUF_BUFG | u_core/u_core/u_dt_sched/x_cache[61][0][15]_i_1_n_0                                                         | u_core/Q[0]                                                                                                   |               45 |             64 |         1.42 |
|  sys_clk_IBUF_BUFG | u_core/u_core/u_dt_sched/x_cache[47][0][15]_i_1_n_0                                                         | u_core/Q[0]                                                                                                   |               50 |             64 |         1.28 |
|  sys_clk_IBUF_BUFG | u_core/u_core/u_dt_sched/x_cache[50][0][15]_i_1_n_0                                                         | u_core/Q[0]                                                                                                   |               50 |             64 |         1.28 |
|  sys_clk_IBUF_BUFG | u_core/u_core/u_dt_sched/x_cache[58][0][15]_i_1_n_0                                                         | u_core/Q[0]                                                                                                   |               46 |             64 |         1.39 |
|  sys_clk_IBUF_BUFG | u_core/u_core/u_dt_sched/x_cache[9][0][15]_i_1_n_0                                                          | u_core/Q[0]                                                                                                   |               55 |             64 |         1.16 |
|  sys_clk_IBUF_BUFG | u_core/u_core/u_dt_sched/x_cache[57][0][15]_i_1_n_0                                                         | u_core/Q[0]                                                                                                   |               41 |             64 |         1.56 |
|  sys_clk_IBUF_BUFG | u_core/u_core/u_dt_sched/x_cache[63][0][15]_i_1_n_0                                                         | u_core/Q[0]                                                                                                   |               52 |             64 |         1.23 |
|  sys_clk_IBUF_BUFG | u_core/u_core/u_dt_sched/x_cache[56][0][15]_i_1_n_0                                                         | u_core/Q[0]                                                                                                   |               43 |             64 |         1.49 |
|  sys_clk_IBUF_BUFG | u_core/u_core/u_dt_sched/x_cache[3][0][15]_i_1_n_0                                                          | u_core/Q[0]                                                                                                   |               56 |             64 |         1.14 |
|  sys_clk_IBUF_BUFG | u_core/u_core/u_dt_sched/x_cache[7][0][15]_i_1_n_0                                                          | u_core/Q[0]                                                                                                   |               56 |             64 |         1.14 |
|  sys_clk_IBUF_BUFG | u_core/u_core/u_dt_sched/x_cache[60][0][15]_i_1_n_0                                                         | u_core/Q[0]                                                                                                   |               45 |             64 |         1.42 |
|  sys_clk_IBUF_BUFG | u_core/u_core/u_dt_sched/xt_payload[3][15]_i_1_n_0                                                          | u_core/Q[0]                                                                                                   |               61 |             64 |         1.05 |
|  sys_clk_IBUF_BUFG | u_core/u_core/u_in_proj/B0_mat_reg0_in                                                                      | u_core/u_core/u_in_proj/A0_mat_reg[3][3][15]_i_1__0_n_0                                                       |               15 |             64 |         4.27 |
|  sys_clk_IBUF_BUFG | u_core/u_core/u_z_reader/out_vec[3][15]_i_1__1_n_0                                                          | u_core/Q[0]                                                                                                   |               10 |             64 |         6.40 |
|  sys_clk_IBUF_BUFG | u_core/u_core/u_in_proj/fetch_fire_d3                                                                       | u_core/u_core/u_in_proj/B3_hold2[2][3][15]_i_1_n_0                                                            |               15 |             64 |         4.27 |
|  sys_clk_IBUF_BUFG | u_core/u_core/u_u_reader/out_vec[3][15]_i_1__0_n_0                                                          | u_core/Q[0]                                                                                                   |                8 |             64 |         8.00 |
|  sys_clk_IBUF_BUFG | u_core/u_core/u_mgr/u_shared_fabric/u_shared_pipeline/u_red3/dt_valid_out                                   | u_core/Q[0]                                                                                                   |               16 |             64 |         4.00 |
|  sys_clk_IBUF_BUFG | u_core/u_core/u_silu/u_sigmoid/out_reg[3][15]_i_1__0_n_0                                                    | u_core/Q[0]                                                                                                   |               17 |             64 |         3.76 |
|  sys_clk_IBUF_BUFG | u_core/u_core/u_silu/u_sigmoid/pending_valid                                                                | u_core/Q[0]                                                                                                   |               17 |             64 |         3.76 |
|  sys_clk_IBUF_BUFG | u_core/u_core/u_ssm_core/u_gate/u_sg_join/b_mem                                                             | u_core/Q[0]                                                                                                   |               22 |             64 |         2.91 |
|  sys_clk_IBUF_BUFG | u_core/u_core/u_ssm_core/u_gate/u_sg_join/b_mem[1][3][15]_i_1__0_n_0                                        | u_core/Q[0]                                                                                                   |               22 |             64 |         2.91 |
|  sys_clk_IBUF_BUFG | u_core/u_core/u_dt_sched/x_cache[48][0][15]_i_1_n_0                                                         | u_core/Q[0]                                                                                                   |               47 |             64 |         1.36 |
|  sys_clk_IBUF_BUFG | u_core/u_core/u_ssm_core/u_ew/state_we                                                                      | u_core/Q[0]                                                                                                   |               14 |             70 |         5.00 |
|  sys_clk_IBUF_BUFG | u_core/u_core/u_ssm_core/u_p2s/E[0]                                                                         | u_core/Q[0]                                                                                                   |               23 |             70 |         3.04 |
|  sys_clk_IBUF_BUFG | u_core/u_core/u_in_proj/fabric_valid_in                                                                     | u_core/u_core/u_in_proj/B3_hold1                                                                              |               31 |            128 |         4.13 |
|  sys_clk_IBUF_BUFG | u_core/u_core/u_mgr/u_shared_fabric/u_shared_pipeline/u_red3/valid_reg_reg_0[0]                             | u_core/Q[0]                                                                                                   |               31 |            128 |         4.13 |
|  sys_clk_IBUF_BUFG | u_core/u_core/u_dt_sched/valid_reg_reg[0]                                                                   | u_core/Q[0]                                                                                                   |               27 |            128 |         4.74 |
|  sys_clk_IBUF_BUFG | u_core/u_core/u_mgr/u_shared_fabric/u_shared_pipeline/u_pipeline_4array_top/u_array4/ROW[0].COL[0].u_pe/O79 | u_core/u_core/u_mgr/u_shared_fabric/u_shared_pipeline/u_pipeline_4array_top/SR[0]                             |               16 |            128 |         8.00 |
|  sys_clk_IBUF_BUFG | u_core/u_core/u_mgr/u_shared_fabric/u_shared_pipeline/u_red3/acc_vec[3][0]_i_2_n_0                          | u_core/u_core/u_mgr/u_shared_fabric/u_shared_pipeline/u_red3/acc_vec[3][0]_i_1_n_0                            |               16 |            128 |         8.00 |
|  sys_clk_IBUF_BUFG |                                                                                                             | u_core/Q[0]                                                                                                   |               69 |            158 |         2.29 |
|  sys_clk_IBUF_BUFG | u_core/u_core/u_in_proj/B3_hold                                                                             | u_core/Q[0]                                                                                                   |               30 |            192 |         6.40 |
|  sys_clk_IBUF_BUFG | u_core/u_core/u_in_proj/A0_mat_reg                                                                          | u_core/u_core/u_in_proj/A0_mat_reg[3][3][15]_i_1__0_n_0                                                       |               78 |            256 |         3.28 |
|  sys_clk_IBUF_BUFG | u_core/u_core/u_out_proj/A0_mat_reg                                                                         | u_core/u_core/u_out_proj/A0_mat_reg[3][3][15]_i_1_n_0                                                         |               88 |            256 |         2.91 |
|  sys_clk_IBUF_BUFG | u_core/u_core/u_in_proj/A3_hold20_in                                                                        | u_core/u_core/u_in_proj/A3_hold2                                                                              |               75 |            256 |         3.41 |
|  sys_clk_IBUF_BUFG | u_core/u_core/u_out_proj/B3_hold2                                                                           | u_core/u_core/u_out_proj/A3_hold2[3][3][15]_i_1__0_n_0                                                        |               88 |            320 |         3.64 |
|  sys_clk_IBUF_BUFG | u_core/u_core/u_dt_sched/B3_hold2[3][0][15]_i_1__0_n_0                                                      | u_core/Q[0]                                                                                                   |               89 |            320 |         3.60 |
|  sys_clk_IBUF_BUFG | u_core/u_core/u_in_proj/B2_mat_reg0_in                                                                      | u_core/u_core/u_in_proj/B2_mat_reg                                                                            |               89 |            320 |         3.60 |
|  sys_clk_IBUF_BUFG | u_core/u_core/u_in_proj/B3_mat_reg0_in                                                                      | u_core/u_core/u_in_proj/A3_mat_reg[3][3][15]_i_1__0_n_0                                                       |               98 |            320 |         3.27 |
|  sys_clk_IBUF_BUFG | u_core/u_core/u_in_proj/B1_mat_reg0_in                                                                      | u_core/u_core/u_in_proj/B1_mat_reg                                                                            |              103 |            320 |         3.11 |
|  sys_clk_IBUF_BUFG | u_core/u_core/u_out_proj/B2_mat_reg                                                                         | u_core/u_core/u_out_proj/A2_mat_reg[3][3][15]_i_1_n_0                                                         |              109 |            320 |         2.94 |
|  sys_clk_IBUF_BUFG | u_core/u_core/u_out_proj/B1_mat_reg                                                                         | u_core/u_core/u_out_proj/A1_mat_reg[3][3][15]_i_1_n_0                                                         |               86 |            320 |         3.72 |
|  sys_clk_IBUF_BUFG | u_core/u_core/u_out_proj/A3_mat_reg[3][3][15]_i_2_n_0                                                       | u_core/u_core/u_out_proj/A3_mat_reg[3][3][15]_i_1_n_0                                                         |               90 |            320 |         3.56 |
|  sys_clk_IBUF_BUFG | u_core/u_core/u_in_proj/A3_hold10_in                                                                        | u_core/u_core/u_in_proj/A3_hold1                                                                              |              165 |            512 |         3.10 |
|  sys_clk_IBUF_BUFG | u_core/u_core/u_out_proj/B3_hold1                                                                           | u_core/u_core/u_out_proj/A2_hold1[3][3][15]_i_1__0_n_0                                                        |              194 |            640 |         3.30 |
|  sys_clk_IBUF_BUFG | u_core/u_core/u_dt_sched/B3_hold1[3][0][15]_i_1__0_n_0                                                      | u_core/Q[0]                                                                                                   |              181 |            640 |         3.54 |
|  sys_clk_IBUF_BUFG | u_core/u_core/u_in_proj/A3_hold                                                                             | u_core/Q[0]                                                                                                   |              179 |            768 |         4.29 |
|  sys_clk_IBUF_BUFG | u_core/u_core/u_dt_sched/B3_hold[3][0][15]_i_1__1_n_0                                                       | u_core/Q[0]                                                                                                   |              316 |            960 |         3.04 |
|  sys_clk_IBUF_BUFG | u_core/u_core/u_out_proj/B0_mat_reg                                                                         | u_core/Q[0]                                                                                                   |              212 |            960 |         4.53 |
|  sys_clk_IBUF_BUFG | u_core/u_core/u_dt_sched/B3_mat_reg                                                                         | u_core/Q[0]                                                                                                   |              467 |           1280 |         2.74 |
+--------------------+-------------------------------------------------------------------------------------------------------------+---------------------------------------------------------------------------------------------------------------+------------------+----------------+--------------+


