Copyright 1986-2022 Xilinx, Inc. All Rights Reserved. Copyright 2022-2024 Advanced Micro Devices, Inc. All Rights Reserved.
---------------------------------------------------------------------------------------------------------------------------------------------
| Tool Version : Vivado v.2024.1 (win64) Build 5076996 Wed May 22 18:37:14 MDT 2024
| Date         : Sun Apr  5 23:21:52 2026
| Host         : 13600kf running 64-bit major release  (build 9200)
| Command      : report_utilization -file reuse_mamba_board_shell_utilization_placed.rpt -pb reuse_mamba_board_shell_utilization_placed.pb
| Design       : reuse_mamba_board_shell
| Device       : xczu9eg-ffvb1156-2-e
| Speed File   : -2
| Design State : Fully Placed
---------------------------------------------------------------------------------------------------------------------------------------------

Utilization Design Information

Table of Contents
-----------------
1. CLB Logic
1.1 Summary of Registers by Type
2. CLB Logic Distribution
3. BLOCKRAM
4. ARITHMETIC
5. I/O
6. CLOCK
7. ADVANCED
8. CONFIGURATION
9. Primitives
10. Black Boxes
11. Instantiated Netlists

1. CLB Logic
------------

+-------------------------+-------+-------+------------+-----------+-------+
|        Site Type        |  Used | Fixed | Prohibited | Available | Util% |
+-------------------------+-------+-------+------------+-----------+-------+
| CLB LUTs                | 12076 |     0 |          0 |    274080 |  4.41 |
|   LUT as Logic          | 12076 |     0 |          0 |    274080 |  4.41 |
|   LUT as Memory         |     0 |     0 |          0 |    144000 |  0.00 |
| CLB Registers           | 18578 |     0 |          0 |    548160 |  3.39 |
|   Register as Flip Flop | 18578 |     0 |          0 |    548160 |  3.39 |
|   Register as Latch     |     0 |     0 |          0 |    548160 |  0.00 |
| CARRY8                  |   180 |     0 |          0 |     34260 |  0.53 |
| F7 Muxes                |  1336 |     0 |          0 |    137040 |  0.97 |
| F8 Muxes                |   440 |     0 |          0 |     68520 |  0.64 |
| F9 Muxes                |     0 |     0 |          0 |     34260 |  0.00 |
+-------------------------+-------+-------+------------+-----------+-------+
* Warning! LUT value is adjusted to account for LUT combining.


1.1 Summary of Registers by Type
--------------------------------

+-------+--------------+-------------+--------------+
| Total | Clock Enable | Synchronous | Asynchronous |
+-------+--------------+-------------+--------------+
| 0     |            _ |           - |            - |
| 0     |            _ |           - |          Set |
| 0     |            _ |           - |        Reset |
| 0     |            _ |         Set |            - |
| 0     |            _ |       Reset |            - |
| 0     |          Yes |           - |            - |
| 0     |          Yes |           - |          Set |
| 0     |          Yes |           - |        Reset |
| 7     |          Yes |         Set |            - |
| 18571 |          Yes |       Reset |            - |
+-------+--------------+-------------+--------------+


2. CLB Logic Distribution
-------------------------

+--------------------------------------------+-------+-------+------------+-----------+-------+
|                  Site Type                 |  Used | Fixed | Prohibited | Available | Util% |
+--------------------------------------------+-------+-------+------------+-----------+-------+
| CLB                                        |  3192 |     0 |          0 |     34260 |  9.32 |
|   CLBL                                     |  1564 |     0 |            |           |       |
|   CLBM                                     |  1628 |     0 |            |           |       |
| LUT as Logic                               | 12076 |     0 |          0 |    274080 |  4.41 |
|   using O5 output only                     |    31 |       |            |           |       |
|   using O6 output only                     |  6478 |       |            |           |       |
|   using O5 and O6                          |  5567 |       |            |           |       |
| LUT as Memory                              |     0 |     0 |          0 |    144000 |  0.00 |
|   LUT as Distributed RAM                   |     0 |     0 |            |           |       |
|     using O5 output only                   |     0 |       |            |           |       |
|     using O6 output only                   |     0 |       |            |           |       |
|     using O5 and O6                        |     0 |       |            |           |       |
|   LUT as Shift Register                    |     0 |     0 |            |           |       |
|     using O5 output only                   |     0 |       |            |           |       |
|     using O6 output only                   |     0 |       |            |           |       |
|     using O5 and O6                        |     0 |       |            |           |       |
| CLB Registers                              | 18578 |     0 |          0 |    548160 |  3.39 |
|   Register driven from within the CLB      | 10652 |       |            |           |       |
|   Register driven from outside the CLB     |  7926 |       |            |           |       |
|     LUT in front of the register is unused |  3713 |       |            |           |       |
|     LUT in front of the register is used   |  4213 |       |            |           |       |
| Unique Control Sets                        |   255 |       |          0 |     68520 |  0.37 |
+--------------------------------------------+-------+-------+------------+-----------+-------+
* * Note: Available Control Sets calculated as Slices * 2, Review the Control Sets Report for more information regarding control sets.


3. BLOCKRAM
-----------

+-------------------+------+-------+------------+-----------+-------+
|     Site Type     | Used | Fixed | Prohibited | Available | Util% |
+-------------------+------+-------+------------+-----------+-------+
| Block RAM Tile    |  125 |     0 |          0 |       912 | 13.71 |
|   RAMB36/FIFO*    |  119 |     0 |          0 |       912 | 13.05 |
|     FIFO36E2 only |    4 |       |            |           |       |
|     RAMB36E2 only |  115 |       |            |           |       |
|   RAMB18          |   12 |     0 |          0 |      1824 |  0.66 |
|     RAMB18E2 only |   12 |       |            |           |       |
+-------------------+------+-------+------------+-----------+-------+
* Note: Each Block RAM Tile only has one FIFO logic available and therefore can accommodate only one FIFO36E2 or one FIFO18E2. However, if a FIFO18E2 occupies a Block RAM Tile, that tile can still accommodate a RAMB18E2


4. ARITHMETIC
-------------

+----------------+------+-------+------------+-----------+-------+
|    Site Type   | Used | Fixed | Prohibited | Available | Util% |
+----------------+------+-------+------------+-----------+-------+
| DSPs           |   84 |     0 |          0 |      2520 |  3.33 |
|   DSP48E2 only |   84 |       |            |           |       |
+----------------+------+-------+------------+-----------+-------+


5. I/O
------

+------------------+------+-------+------------+-----------+-------+
|     Site Type    | Used | Fixed | Prohibited | Available | Util% |
+------------------+------+-------+------------+-----------+-------+
| Bonded IOB       |  309 |     0 |          0 |       328 | 94.21 |
| HPIOB_M          |   95 |     0 |          0 |        96 | 98.96 |
|   INPUT          |   79 |       |            |           |       |
|   OUTPUT         |   16 |       |            |           |       |
|   BIDIR          |    0 |       |            |           |       |
| HPIOB_S          |   94 |     0 |          0 |        96 | 97.92 |
|   INPUT          |   78 |       |            |           |       |
|   OUTPUT         |   16 |       |            |           |       |
|   BIDIR          |    0 |       |            |           |       |
| HDIOB_M          |   54 |     0 |          0 |        60 | 90.00 |
|   INPUT          |   17 |       |            |           |       |
|   OUTPUT         |   37 |       |            |           |       |
|   BIDIR          |    0 |       |            |           |       |
| HDIOB_S          |   54 |     0 |          0 |        60 | 90.00 |
|   INPUT          |   17 |       |            |           |       |
|   OUTPUT         |   37 |       |            |           |       |
|   BIDIR          |    0 |       |            |           |       |
| HPIOB_SNGL       |   12 |     0 |          0 |        16 | 75.00 |
|   INPUT          |    8 |       |            |           |       |
|   OUTPUT         |    4 |       |            |           |       |
|   BIDIR          |    0 |       |            |           |       |
| HPIOBDIFFINBUF   |    0 |     0 |          0 |        96 |  0.00 |
| HPIOBDIFFOUTBUF  |    0 |     0 |          0 |        96 |  0.00 |
| HDIOBDIFFINBUF   |    0 |     0 |          0 |        60 |  0.00 |
| BITSLICE_CONTROL |    0 |     0 |          0 |        32 |  0.00 |
| BITSLICE_RX_TX   |    0 |     0 |          0 |      1248 |  0.00 |
| BITSLICE_TX      |    0 |     0 |          0 |        32 |  0.00 |
| RIU_OR           |    0 |     0 |          0 |        16 |  0.00 |
+------------------+------+-------+------------+-----------+-------+


6. CLOCK
--------

+------------+------+-------+------------+-----------+-------+
|  Site Type | Used | Fixed | Prohibited | Available | Util% |
+------------+------+-------+------------+-----------+-------+
| BUFGCE     |    3 |     0 |          0 |       116 |  2.59 |
| BUFGCE_DIV |    0 |     0 |          0 |        16 |  0.00 |
| BUFG_GT    |    0 |     0 |          0 |       168 |  0.00 |
| BUFG_PS    |    0 |     0 |          0 |        72 |  0.00 |
| BUFGCTRL*  |    0 |     0 |          0 |        32 |  0.00 |
| PLL        |    0 |     0 |          0 |         8 |  0.00 |
| MMCM       |    0 |     0 |          0 |         4 |  0.00 |
+------------+------+-------+------------+-----------+-------+
* Note: Each used BUFGCTRL counts as two GLOBAL CLOCK BUFFERs. This table does not include global clocking resources, only buffer cell usage. See the Clock Utilization Report (report_clock_utilization) for detailed accounting of global clocking resource availability.


7. ADVANCED
-----------

+-----------------+------+-------+------------+-----------+-------+
|    Site Type    | Used | Fixed | Prohibited | Available | Util% |
+-----------------+------+-------+------------+-----------+-------+
| GTHE4_CHANNEL   |    0 |     0 |          0 |        24 |  0.00 |
| GTHE4_COMMON    |    0 |     0 |          0 |         6 |  0.00 |
| OBUFDS_GTE4     |    0 |     0 |          0 |        12 |  0.00 |
| OBUFDS_GTE4_ADV |    0 |     0 |          0 |        12 |  0.00 |
| PS8             |    0 |     0 |          0 |         1 |  0.00 |
| SYSMONE4        |    0 |     0 |          0 |         1 |  0.00 |
+-----------------+------+-------+------------+-----------+-------+


8. CONFIGURATION
----------------

+-------------+------+-------+------------+-----------+-------+
|  Site Type  | Used | Fixed | Prohibited | Available | Util% |
+-------------+------+-------+------------+-----------+-------+
| BSCANE2     |    0 |     0 |          0 |         4 |  0.00 |
| DNA_PORTE2  |    0 |     0 |          0 |         1 |  0.00 |
| EFUSE_USR   |    0 |     0 |          0 |         1 |  0.00 |
| FRAME_ECCE4 |    0 |     0 |          0 |         1 |  0.00 |
| ICAPE3      |    0 |     0 |          0 |         2 |  0.00 |
| MASTER_JTAG |    0 |     0 |          0 |         1 |  0.00 |
| STARTUPE3   |    0 |     0 |          0 |         1 |  0.00 |
+-------------+------+-------+------------+-----------+-------+


9. Primitives
-------------

+----------+-------+---------------------+
| Ref Name |  Used | Functional Category |
+----------+-------+---------------------+
| FDRE     | 18571 |            Register |
| LUT2     |  6224 |                 CLB |
| LUT6     |  5463 |                 CLB |
| LUT3     |  3262 |                 CLB |
| LUT4     |  1585 |                 CLB |
| MUXF7    |  1336 |                 CLB |
| LUT5     |  1064 |                 CLB |
| MUXF8    |   440 |                 CLB |
| INBUF    |   199 |                 I/O |
| IBUFCTRL |   199 |              Others |
| CARRY8   |   180 |                 CLB |
| RAMB36E2 |   115 |            BLOCKRAM |
| OBUF     |   110 |                 I/O |
| DSP48E2  |    84 |          Arithmetic |
| LUT1     |    45 |                 CLB |
| RAMB18E2 |    12 |            BLOCKRAM |
| FDSE     |     7 |            Register |
| FIFO36E2 |     4 |            BLOCKRAM |
| BUFGCE   |     3 |               Clock |
+----------+-------+---------------------+


10. Black Boxes
---------------

+----------+------+
| Ref Name | Used |
+----------+------+


11. Instantiated Netlists
-------------------------

+------------------------+------+
|        Ref Name        | Used |
+------------------------+------+
| inproj_ht_sram_ip      |    9 |
| slim_WBUF_bank_dp      |    8 |
| outproj_WBUF_bank_dp   |    4 |
| bias2sigmoid_fifo      |    4 |
| inproj_vec_out_sram_ip |    2 |
| s_buffer               |    1 |
| bias_ROM               |    1 |
+------------------------+------+


