#-----------------------------------------------------------
# Vivado v2024.1 (64-bit)
# SW Build 5076996 on Wed May 22 18:37:14 MDT 2024
# IP Build 5075265 on Wed May 22 21:45:21 MDT 2024
# SharedData Build 5076995 on Wed May 22 18:29:18 MDT 2024
# Start of session at: Fri Apr  3 02:12:02 2026
# Process ID: 54068
# Current directory: E:/course/master/mamba/Cmamba_reconstruct/HW_reconstruct/project_mamba_all1/project_mamba_all1.runs/slim_WBUF_bank_dp_synth_1
# Command line: vivado.exe -log slim_WBUF_bank_dp.vds -product Vivado -mode batch -messageDb vivado.pb -notrace -source slim_WBUF_bank_dp.tcl
# Log file: E:/course/master/mamba/Cmamba_reconstruct/HW_reconstruct/project_mamba_all1/project_mamba_all1.runs/slim_WBUF_bank_dp_synth_1/slim_WBUF_bank_dp.vds
# Journal file: E:/course/master/mamba/Cmamba_reconstruct/HW_reconstruct/project_mamba_all1/project_mamba_all1.runs/slim_WBUF_bank_dp_synth_1\vivado.jou
# Running On        :13600kf
# Platform          :Windows Server 2016 or Windows 10
# Operating System  :26200
# Processor Detail  :13th Gen Intel(R) Core(TM) i5-13600KF
# CPU Frequency     :3494 MHz
# CPU Physical cores:14
# CPU Logical cores :20
# Host memory       :34163 MB
# Swap memory       :34163 MB
# Total Virtual     :68327 MB
# Available Virtual :28020 MB
#-----------------------------------------------------------
source slim_WBUF_bank_dp.tcl -notrace
